Archive member included to satisfy reference by file (symbol)

c:/st/stm32cubeide_1.9.0/stm32cubeide/plugins/com.st.stm32cube.ide.mcu.externaltools.gnu-tools-for-stm32.10.3-2021.10.win32_1.0.0.202111181127/tools/bin/../lib/gcc/arm-none-eabi/10.3.1/../../../../arm-none-eabi/lib/thumb/v6-m/nofp\libc_nano.a(lib_a-errno.o)
                              ./Core/Src/syscalls.o (__errno)
c:/st/stm32cubeide_1.9.0/stm32cubeide/plugins/com.st.stm32cube.ide.mcu.externaltools.gnu-tools-for-stm32.10.3-2021.10.win32_1.0.0.202111181127/tools/bin/../lib/gcc/arm-none-eabi/10.3.1/../../../../arm-none-eabi/lib/thumb/v6-m/nofp\libc_nano.a(lib_a-exit.o)
                              c:/st/stm32cubeide_1.9.0/stm32cubeide/plugins/com.st.stm32cube.ide.mcu.externaltools.gnu-tools-for-stm32.10.3-2021.10.win32_1.0.0.202111181127/tools/bin/../lib/gcc/arm-none-eabi/10.3.1/../../../../arm-none-eabi/lib/thumb/v6-m/nofp/crt0.o (exit)
c:/st/stm32cubeide_1.9.0/stm32cubeide/plugins/com.st.stm32cube.ide.mcu.externaltools.gnu-tools-for-stm32.10.3-2021.10.win32_1.0.0.202111181127/tools/bin/../lib/gcc/arm-none-eabi/10.3.1/../../../../arm-none-eabi/lib/thumb/v6-m/nofp\libc_nano.a(lib_a-impure.o)
                              c:/st/stm32cubeide_1.9.0/stm32cubeide/plugins/com.st.stm32cube.ide.mcu.externaltools.gnu-tools-for-stm32.10.3-2021.10.win32_1.0.0.202111181127/tools/bin/../lib/gcc/arm-none-eabi/10.3.1/../../../../arm-none-eabi/lib/thumb/v6-m/nofp\libc_nano.a(lib_a-exit.o) (_global_impure_ptr)
c:/st/stm32cubeide_1.9.0/stm32cubeide/plugins/com.st.stm32cube.ide.mcu.externaltools.gnu-tools-for-stm32.10.3-2021.10.win32_1.0.0.202111181127/tools/bin/../lib/gcc/arm-none-eabi/10.3.1/../../../../arm-none-eabi/lib/thumb/v6-m/nofp\libc_nano.a(lib_a-init.o)
                              c:/st/stm32cubeide_1.9.0/stm32cubeide/plugins/com.st.stm32cube.ide.mcu.externaltools.gnu-tools-for-stm32.10.3-2021.10.win32_1.0.0.202111181127/tools/bin/../lib/gcc/arm-none-eabi/10.3.1/../../../../arm-none-eabi/lib/thumb/v6-m/nofp/crt0.o (__libc_init_array)
c:/st/stm32cubeide_1.9.0/stm32cubeide/plugins/com.st.stm32cube.ide.mcu.externaltools.gnu-tools-for-stm32.10.3-2021.10.win32_1.0.0.202111181127/tools/bin/../lib/gcc/arm-none-eabi/10.3.1/../../../../arm-none-eabi/lib/thumb/v6-m/nofp\libc_nano.a(lib_a-memcpy-stub.o)
                              ./Drivers/STM32F0xx_HAL_Driver/Src/stm32f0xx_hal_rcc.o (memcpy)
c:/st/stm32cubeide_1.9.0/stm32cubeide/plugins/com.st.stm32cube.ide.mcu.externaltools.gnu-tools-for-stm32.10.3-2021.10.win32_1.0.0.202111181127/tools/bin/../lib/gcc/arm-none-eabi/10.3.1/../../../../arm-none-eabi/lib/thumb/v6-m/nofp\libc_nano.a(lib_a-memset.o)
                              c:/st/stm32cubeide_1.9.0/stm32cubeide/plugins/com.st.stm32cube.ide.mcu.externaltools.gnu-tools-for-stm32.10.3-2021.10.win32_1.0.0.202111181127/tools/bin/../lib/gcc/arm-none-eabi/10.3.1/../../../../arm-none-eabi/lib/thumb/v6-m/nofp/crt0.o (memset)
c:/st/stm32cubeide_1.9.0/stm32cubeide/plugins/com.st.stm32cube.ide.mcu.externaltools.gnu-tools-for-stm32.10.3-2021.10.win32_1.0.0.202111181127/tools/bin/../lib/gcc/arm-none-eabi/10.3.1/../../../../arm-none-eabi/lib/thumb/v6-m/nofp\libc_nano.a(lib_a-sprintf.o)
                              ./U8GLIB/Src/Display.o (sprintf)
c:/st/stm32cubeide_1.9.0/stm32cubeide/plugins/com.st.stm32cube.ide.mcu.externaltools.gnu-tools-for-stm32.10.3-2021.10.win32_1.0.0.202111181127/tools/bin/../lib/gcc/arm-none-eabi/10.3.1/../../../../arm-none-eabi/lib/thumb/v6-m/nofp\libc_nano.a(lib_a-nano-svfprintf.o)
                              c:/st/stm32cubeide_1.9.0/stm32cubeide/plugins/com.st.stm32cube.ide.mcu.externaltools.gnu-tools-for-stm32.10.3-2021.10.win32_1.0.0.202111181127/tools/bin/../lib/gcc/arm-none-eabi/10.3.1/../../../../arm-none-eabi/lib/thumb/v6-m/nofp\libc_nano.a(lib_a-sprintf.o) (_svfprintf_r)
c:/st/stm32cubeide_1.9.0/stm32cubeide/plugins/com.st.stm32cube.ide.mcu.externaltools.gnu-tools-for-stm32.10.3-2021.10.win32_1.0.0.202111181127/tools/bin/../lib/gcc/arm-none-eabi/10.3.1/../../../../arm-none-eabi/lib/thumb/v6-m/nofp\libc_nano.a(lib_a-nano-vfprintf_i.o)
                              c:/st/stm32cubeide_1.9.0/stm32cubeide/plugins/com.st.stm32cube.ide.mcu.externaltools.gnu-tools-for-stm32.10.3-2021.10.win32_1.0.0.202111181127/tools/bin/../lib/gcc/arm-none-eabi/10.3.1/../../../../arm-none-eabi/lib/thumb/v6-m/nofp\libc_nano.a(lib_a-nano-svfprintf.o) (_printf_i)
c:/st/stm32cubeide_1.9.0/stm32cubeide/plugins/com.st.stm32cube.ide.mcu.externaltools.gnu-tools-for-stm32.10.3-2021.10.win32_1.0.0.202111181127/tools/bin/../lib/gcc/arm-none-eabi/10.3.1/../../../../arm-none-eabi/lib/thumb/v6-m/nofp\libc_nano.a(lib_a-memchr-stub.o)
                              c:/st/stm32cubeide_1.9.0/stm32cubeide/plugins/com.st.stm32cube.ide.mcu.externaltools.gnu-tools-for-stm32.10.3-2021.10.win32_1.0.0.202111181127/tools/bin/../lib/gcc/arm-none-eabi/10.3.1/../../../../arm-none-eabi/lib/thumb/v6-m/nofp\libc_nano.a(lib_a-nano-svfprintf.o) (memchr)
[...]
Memory Configuration

Name             Origin             Length             Attributes
RAM              0x0000000020000000 0x0000000000001000 xrw
FLASH            0x0000000008000000 0x0000000000008000 xr
*default*        0x0000000000000000 0xffffffffffffffff

Linker script and memory map

LOAD c:/st/stm32cubeide_1.9.0/stm32cubeide/plugins/com.st.stm32cube.ide.mcu.externaltools.gnu-tools-for-stm32.10.3-2021.10.win32_1.0.0.202111181127/tools/bin/../lib/gcc/arm-none-eabi/10.3.1/thumb/v6-m/nofp/crti.o
LOAD c:/st/stm32cubeide_1.9.0/stm32cubeide/plugins/com.st.stm32cube.ide.mcu.externaltools.gnu-tools-for-stm32.10.3-2021.10.win32_1.0.0.202111181127/tools/bin/../lib/gcc/arm-none-eabi/10.3.1/thumb/v6-m/nofp/crtbegin.o
LOAD c:/st/stm32cubeide_1.9.0/stm32cubeide/plugins/com.st.stm32cube.ide.mcu.externaltools.gnu-tools-for-stm32.10.3-2021.10.win32_1.0.0.202111181127/tools/bin/../lib/gcc/arm-none-eabi/10.3.1/../../../../arm-none-eabi/lib/thumb/v6-m/nofp/crt0.o
LOAD ./Core/Src/adc.o
LOAD ./Core/Src/dma.o
LOAD ./Core/Src/gpio.o
LOAD ./Core/Src/i2c.o
LOAD ./Core/Src/main.o
LOAD ./Core/Src/stm32f0xx_hal_msp.o
LOAD ./Core/Src/stm32f0xx_it.o
LOAD ./Core/Src/syscalls.o
LOAD ./Core/Src/sysmem.o
LOAD ./Core/Src/system_stm32f0xx.o
LOAD ./Core/Src/tim.o
LOAD ./Core/Startup/startup_stm32f031k6tx.o
LOAD ./Drivers/STM32F0xx_HAL_Driver/Src/stm32f0xx_hal.o
LOAD ./Drivers/STM32F0xx_HAL_Driver/Src/stm32f0xx_hal_adc.o
LOAD ./Drivers/STM32F0xx_HAL_Driver/Src/stm32f0xx_hal_adc_ex.o
LOAD ./Drivers/STM32F0xx_HAL_Driver/Src/stm32f0xx_hal_cortex.o
LOAD ./Drivers/STM32F0xx_HAL_Driver/Src/stm32f0xx_hal_dma.o
LOAD ./Drivers/STM32F0xx_HAL_Driver/Src/stm32f0xx_hal_exti.o
LOAD ./Drivers/STM32F0xx_HAL_Driver/Src/stm32f0xx_hal_flash.o
LOAD ./Drivers/STM32F0xx_HAL_Driver/Src/stm32f0xx_hal_flash_ex.o
LOAD ./Drivers/STM32F0xx_HAL_Driver/Src/stm32f0xx_hal_gpio.o
LOAD ./Drivers/STM32F0xx_HAL_Driver/Src/stm32f0xx_hal_i2c.o
LOAD ./Drivers/STM32F0xx_HAL_Driver/Src/stm32f0xx_hal_i2c_ex.o
LOAD ./Drivers/STM32F0xx_HAL_Driver/Src/stm32f0xx_hal_pwr.o
LOAD ./Drivers/STM32F0xx_HAL_Driver/Src/stm32f0xx_hal_pwr_ex.o
LOAD ./Drivers/STM32F0xx_HAL_Driver/Src/stm32f0xx_hal_rcc.o
LOAD ./Drivers/STM32F0xx_HAL_Driver/Src/stm32f0xx_hal_rcc_ex.o
LOAD ./Drivers/STM32F0xx_HAL_Driver/Src/stm32f0xx_hal_tim.o
LOAD ./Drivers/STM32F0xx_HAL_Driver/Src/stm32f0xx_hal_tim_ex.o
LOAD ./U8GLIB/Src/Display.o
LOAD ./U8GLIB/Src/fonts.o
LOAD ./U8GLIB/Src/u8g_com_arm_stm32.o
LOAD ./U8GLIB/fntsrc/u8g_font_8x13B.o
LOAD ./U8GLIB/fntsrc/u8g_font_9x15B.o
LOAD ./U8GLIB/fntsrc/u8g_font_9x18B.o
LOAD ./U8GLIB/fntsrc/u8g_font_9x18_75r.o
LOAD ./U8GLIB/fntsrc/u8g_font_9x18_78_79.o
LOAD ./U8GLIB/fntsrc/u8g_font_fub17r.o
LOAD ./U8GLIB/fntsrc/u8g_font_helvb08.o
LOAD ./U8GLIB/fntsrc/u8g_font_helvb10.o
LOAD ./U8GLIB/fntsrc/u8g_font_profont10.o
LOAD ./U8GLIB/fntsrc/u8g_font_profont11.o
LOAD ./U8GLIB/fntsrc/u8g_font_profont12.o
LOAD ./U8GLIB/fntsrc/u8g_font_profont15.o
LOAD ./U8GLIB/fntsrc/u8g_font_profont17.o
LOAD ./U8GLIB/fntsrc/u8g_font_profont22.o
LOAD ./U8GLIB/fntsrc/u8g_font_profont22r.o
LOAD ./U8GLIB/fntsrc/u8g_font_profont29.o
LOAD ./U8GLIB/fntsrc/u8g_font_profont29r.o
LOAD ./U8GLIB/u8glib/u8g_bitmap.o
LOAD ./U8GLIB/u8glib/u8g_circle.o
LOAD ./U8GLIB/u8glib/u8g_clip.o
LOAD ./U8GLIB/u8glib/u8g_com_api.o
LOAD ./U8GLIB/u8glib/u8g_com_api_16gr.o
LOAD ./U8GLIB/u8glib/u8g_com_i2c.o
LOAD ./U8GLIB/u8glib/u8g_com_io.o
LOAD ./U8GLIB/u8glib/u8g_com_linux_ssd_i2c.o
LOAD ./U8GLIB/u8glib/u8g_com_msp430_hw_spi.o
LOAD ./U8GLIB/u8glib/u8g_com_null.o
LOAD ./U8GLIB/u8glib/u8g_com_psoc5_ssd_hw_parallel.o
LOAD ./U8GLIB/u8glib/u8g_com_raspberrypi_hw_spi.o
LOAD ./U8GLIB/u8glib/u8g_com_raspberrypi_ssd_i2c.o
LOAD ./U8GLIB/u8glib/u8g_com_std_sw_spi.o
LOAD ./U8GLIB/u8glib/u8g_cursor.o
LOAD ./U8GLIB/u8glib/u8g_delay.o
LOAD ./U8GLIB/u8glib/u8g_dev_null.o
LOAD ./U8GLIB/u8glib/u8g_dev_ssd1306_128x64.o
LOAD ./U8GLIB/u8glib/u8g_ellipse.o
LOAD ./U8GLIB/u8glib/u8g_font.o
LOAD ./U8GLIB/u8glib/u8g_line.o
LOAD ./U8GLIB/u8glib/u8g_ll_api.o
LOAD ./U8GLIB/u8glib/u8g_page.o
LOAD ./U8GLIB/u8glib/u8g_pb.o
LOAD ./U8GLIB/u8glib/u8g_pb14v1.o
LOAD ./U8GLIB/u8glib/u8g_pb16h1.o
LOAD ./U8GLIB/u8glib/u8g_pb16h2.o
LOAD ./U8GLIB/u8glib/u8g_pb16v1.o
LOAD ./U8GLIB/u8glib/u8g_pb16v2.o
LOAD ./U8GLIB/u8glib/u8g_pb32h1.o
LOAD ./U8GLIB/u8glib/u8g_pb8h1.o
LOAD ./U8GLIB/u8glib/u8g_pb8h1f.o
LOAD ./U8GLIB/u8glib/u8g_pb8h2.o
LOAD ./U8GLIB/u8glib/u8g_pb8h8.o
LOAD ./U8GLIB/u8glib/u8g_pb8v1.o
LOAD ./U8GLIB/u8glib/u8g_pb8v2.o
LOAD ./U8GLIB/u8glib/u8g_pbxh16.o
LOAD ./U8GLIB/u8glib/u8g_pbxh24.o
LOAD ./U8GLIB/u8glib/u8g_polygon.o
LOAD ./U8GLIB/u8glib/u8g_rect.o
LOAD ./U8GLIB/u8glib/u8g_rot.o
LOAD ./U8GLIB/u8glib/u8g_scale.o
LOAD ./U8GLIB/u8glib/u8g_state.o
LOAD ./U8GLIB/u8glib/u8g_u16toa.o
LOAD ./U8GLIB/u8glib/u8g_u8toa.o
LOAD ./U8GLIB/u8glib/u8g_virtual_screen.o
START GROUP
LOAD c:/st/stm32cubeide_1.9.0/stm32cubeide/plugins/com.st.stm32cube.ide.mcu.externaltools.gnu-tools-for-stm32.10.3-2021.10.win32_1.0.0.202111181127/tools/bin/../lib/gcc/arm-none-eabi/10.3.1/../../../../arm-none-eabi/lib/thumb/v6-m/nofp\libc_nano.a
LOAD c:/st/stm32cubeide_1.9.0/stm32cubeide/plugins/com.st.stm32cube.ide.mcu.externaltools.gnu-tools-for-stm32.10.3-2021.10.win32_1.0.0.202111181127/tools/bin/../lib/gcc/arm-none-eabi/10.3.1/../../../../arm-none-eabi/lib/thumb/v6-m/nofp\libm.a
END GROUP
START GROUP
LOAD c:/st/stm32cubeide_1.9.0/stm32cubeide/plugins/com.st.stm32cube.ide.mcu.externaltools.gnu-tools-for-stm32.10.3-2021.10.win32_1.0.0.202111181127/tools/bin/../lib/gcc/arm-none-eabi/10.3.1/thumb/v6-m/nofp\libgcc.a
LOAD c:/st/stm32cubeide_1.9.0/stm32cubeide/plugins/com.st.stm32cube.ide.mcu.externaltools.gnu-tools-for-stm32.10.3-2021.10.win32_1.0.0.202111181127/tools/bin/../lib/gcc/arm-none-eabi/10.3.1/../../../../arm-none-eabi/lib/thumb/v6-m/nofp\libc_nano.a
END GROUP
START GROUP
LOAD c:/st/stm32cubeide_1.9.0/stm32cubeide/plugins/com.st.stm32cube.ide.mcu.externaltools.gnu-tools-for-stm32.10.3-2021.10.win32_1.0.0.202111181127/tools/bin/../lib/gcc/arm-none-eabi/10.3.1/thumb/v6-m/nofp\libgcc.a
LOAD c:/st/stm32cubeide_1.9.0/stm32cubeide/plugins/com.st.stm32cube.ide.mcu.externaltools.gnu-tools-for-stm32.10.3-2021.10.win32_1.0.0.202111181127/tools/bin/../lib/gcc/arm-none-eabi/10.3.1/../../../../arm-none-eabi/lib/thumb/v6-m/nofp\libc_nano.a
LOAD c:/st/stm32cubeide_1.9.0/stm32cubeide/plugins/com.st.stm32cube.ide.mcu.externaltools.gnu-tools-for-stm32.10.3-2021.10.win32_1.0.0.202111181127/tools/bin/../lib/gcc/arm-none-eabi/10.3.1/../../../../arm-none-eabi/lib/thumb/v6-m/nofp\libnosys.a
END GROUP
START GROUP
LOAD c:/st/stm32cubeide_1.9.0/stm32cubeide/plugins/com.st.stm32cube.ide.mcu.externaltools.gnu-tools-for-stm32.10.3-2021.10.win32_1.0.0.202111181127/tools/bin/../lib/gcc/arm-none-eabi/10.3.1/thumb/v6-m/nofp\libgcc.a
LOAD c:/st/stm32cubeide_1.9.0/stm32cubeide/plugins/com.st.stm32cube.ide.mcu.externaltools.gnu-tools-for-stm32.10.3-2021.10.win32_1.0.0.202111181127/tools/bin/../lib/gcc/arm-none-eabi/10.3.1/../../../../arm-none-eabi/lib/thumb/v6-m/nofp\libc_nano.a
LOAD c:/st/stm32cubeide_1.9.0/stm32cubeide/plugins/com.st.stm32cube.ide.mcu.externaltools.gnu-tools-for-stm32.10.3-2021.10.win32_1.0.0.202111181127/tools/bin/../lib/gcc/arm-none-eabi/10.3.1/../../../../arm-none-eabi/lib/thumb/v6-m/nofp\libnosys.a
END GROUP
LOAD c:/st/stm32cubeide_1.9.0/stm32cubeide/plugins/com.st.stm32cube.ide.mcu.externaltools.gnu-tools-for-stm32.10.3-2021.10.win32_1.0.0.202111181127/tools/bin/../lib/gcc/arm-none-eabi/10.3.1/thumb/v6-m/nofp/crtend.o
LOAD c:/st/stm32cubeide_1.9.0/stm32cubeide/plugins/com.st.stm32cube.ide.mcu.externaltools.gnu-tools-for-stm32.10.3-2021.10.win32_1.0.0.202111181127/tools/bin/../lib/gcc/arm-none-eabi/10.3.1/thumb/v6-m/nofp/crtn.o
                0x0000000020001000                _estack = (ORIGIN (RAM) + LENGTH (RAM))
                0x0000000000000200                _Min_Heap_Size = 0x200
                0x0000000000000400                _Min_Stack_Size = 0x400

.isr_vector     0x0000000008000000       0xc0
                0x0000000008000000                . = ALIGN (0x4)
 *(.isr_vector)
 .isr_vector    0x0000000008000000       0xc0 ./Core/Startup/startup_stm32f031k6tx.o
                0x0000000008000000                g_pfnVectors
                0x00000000080000c0                . = ALIGN (0x4)

.text           0x00000000080000c0     0x68a0
                0x00000000080000c0                . = ALIGN (0x4)
 *(.text)
 .text          0x00000000080000c0       0x48 c:/st/stm32cubeide_1.9.0/stm32cubeide/plugins/com.st.stm32cube.ide.mcu.externaltools.gnu-tools-for-stm32.10.3-2021.10.win32_1.0.0.202111181127/tools/bin/../lib/gcc/arm-none-eabi/10.3.1/thumb/v6-m/nofp/crtbegin.o
 .text          0x0000000008000108       0x14 c:/st/stm32cubeide_1.9.0/stm32cubeide/plugins/com.st.stm32cube.ide.mcu.externaltools.gnu-tools-for-stm32.10.3-2021.10.win32_1.0.0.202111181127/tools/bin/../lib/gcc/arm-none-eabi/10.3.1/thumb/v6-m/nofp\libgcc.a(_thumb1_case_uqi.o)
                0x0000000008000108                __gnu_thumb1_case_uqi
 .text          0x000000000800011c       0x14 c:/st/stm32cubeide_1.9.0/stm32cubeide/plugins/com.st.stm32cube.ide.mcu.externaltools.gnu-tools-for-stm32.10.3-2021.10.win32_1.0.0.202111181127/tools/bin/../lib/gcc/arm-none-eabi/10.3.1/thumb/v6-m/nofp\libgcc.a(_thumb1_case_shi.o)
                0x000000000800011c                __gnu_thumb1_case_shi
 .text          0x0000000008000130      0x114 c:/st/stm32cubeide_1.9.0/stm32cubeide/plugins/com.st.stm32cube.ide.mcu.externaltools.gnu-tools-for-stm32.10.3-2021.10.win32_1.0.0.202111181127/tools/bin/../lib/gcc/arm-none-eabi/10.3.1/thumb/v6-m/nofp\libgcc.a(_udivsi3.o)
                0x0000000008000130                __aeabi_uidiv
                0x0000000008000130                __udivsi3
                0x000000000800023c                __aeabi_uidivmod
 .text          0x0000000008000244      0x1d4 c:/st/stm32cubeide_1.9.0/stm32cubeide/plugins/com.st.stm32cube.ide.mcu.externaltools.gnu-tools-for-stm32.10.3-2021.10.win32_1.0.0.202111181127/tools/bin/../lib/gcc/arm-none-eabi/10.3.1/thumb/v6-m/nofp\libgcc.a(_divsi3.o)
                0x0000000008000244                __divsi3
                0x0000000008000244                __aeabi_idiv
                0x0000000008000410                __aeabi_idivmod
 .text          0x0000000008000418        0x4 c:/st/stm32cubeide_1.9.0/stm32cubeide/plugins/com.st.stm32cube.ide.mcu.externaltools.gnu-tools-for-stm32.10.3-2021.10.win32_1.0.0.202111181127/tools/bin/../lib/gcc/arm-none-eabi/10.3.1/thumb/v6-m/nofp\libgcc.a(_dvmd_tls.o)
                0x0000000008000418                __aeabi_idiv0
                0x0000000008000418                __aeabi_ldiv0
 .text          0x000000000800041c       0x18 c:/st/stm32cubeide_1.9.0/stm32cubeide/plugins/com.st.stm32cube.ide.mcu.externaltools.gnu-tools-for-stm32.10.3-2021.10.win32_1.0.0.202111181127/tools/bin/../lib/gcc/arm-none-eabi/10.3.1/thumb/v6-m/nofp\libgcc.a(_lshrdi3.o)
                0x000000000800041c                __lshrdi3
                0x000000000800041c                __aeabi_llsr
 .text          0x0000000008000434       0x74 c:/st/stm32cubeide_1.9.0/stm32cubeide/plugins/com.st.stm32cube.ide.mcu.externaltools.gnu-tools-for-stm32.10.3-2021.10.win32_1.0.0.202111181127/tools/bin/../lib/gcc/arm-none-eabi/10.3.1/thumb/v6-m/nofp\libgcc.a(_arm_cmpsf2.o)
                0x0000000008000434                __aeabi_cfrcmple
                0x000000000800043c                __aeabi_cfcmpeq
                0x000000000800043c                __aeabi_cfcmple
                0x000000000800044c                __aeabi_fcmpeq
                0x0000000008000458                __aeabi_fcmplt
                0x000000000800046c                __aeabi_fcmple
                0x0000000008000480                __aeabi_fcmpgt
                0x0000000008000494                __aeabi_fcmpge
 .text          0x00000000080004a8       0x30 c:/st/stm32cubeide_1.9.0/stm32cubeide/plugins/com.st.stm32cube.ide.mcu.externaltools.gnu-tools-for-stm32.10.3-2021.10.win32_1.0.0.202111181127/tools/bin/../lib/gcc/arm-none-eabi/10.3.1/thumb/v6-m/nofp\libgcc.a(_fixunssfsi.o)
                0x00000000080004a8                __fixunssfsi
                0x00000000080004a8                __aeabi_f2uiz
 .text          0x00000000080004d8      0x33c c:/st/stm32cubeide_1.9.0/stm32cubeide/plugins/com.st.stm32cube.ide.mcu.externaltools.gnu-tools-for-stm32.10.3-2021.10.win32_1.0.0.202111181127/tools/bin/../lib/gcc/arm-none-eabi/10.3.1/thumb/v6-m/nofp\libgcc.a(addsf3.o)
                0x00000000080004d8                __aeabi_fadd
 .text          0x0000000008000814      0x230 c:/st/stm32cubeide_1.9.0/stm32cubeide/plugins/com.st.stm32cube.ide.mcu.externaltools.gnu-tools-for-stm32.10.3-2021.10.win32_1.0.0.202111181127/tools/bin/../lib/gcc/arm-none-eabi/10.3.1/thumb/v6-m/nofp\libgcc.a(divsf3.o)
                0x0000000008000814                __aeabi_fdiv
 .text          0x0000000008000a44       0x4c c:/st/stm32cubeide_1.9.0/stm32cubeide/plugins/com.st.stm32cube.ide.mcu.externaltools.gnu-tools-for-stm32.10.3-2021.10.win32_1.0.0.202111181127/tools/bin/../lib/gcc/arm-none-eabi/10.3.1/thumb/v6-m/nofp\libgcc.a(eqsf2.o)
                0x0000000008000a44                __eqsf2
                0x0000000008000a44                __nesf2
 .text          0x0000000008000a90       0x8c c:/st/stm32cubeide_1.9.0/stm32cubeide/plugins/com.st.stm32cube.ide.mcu.externaltools.gnu-tools-for-stm32.10.3-2021.10.win32_1.0.0.202111181127/tools/bin/../lib/gcc/arm-none-eabi/10.3.1/thumb/v6-m/nofp\libgcc.a(gesf2.o)
                0x0000000008000a90                __gesf2
                0x0000000008000a90                __gtsf2
 .text          0x0000000008000b1c       0x88 c:/st/stm32cubeide_1.9.0/stm32cubeide/plugins/com.st.stm32cube.ide.mcu.externaltools.gnu-tools-for-stm32.10.3-2021.10.win32_1.0.0.202111181127/tools/bin/../lib/gcc/arm-none-eabi/10.3.1/thumb/v6-m/nofp\libgcc.a(lesf2.o)
                0x0000000008000b1c                __ltsf2
                0x0000000008000b1c                __lesf2
 .text          0x0000000008000ba4      0x24c c:/st/stm32cubeide_1.9.0/stm32cubeide/plugins/com.st.stm32cube.ide.mcu.externaltools.gnu-tools-for-stm32.10.3-2021.10.win32_1.0.0.202111181127/tools/bin/../lib/gcc/arm-none-eabi/10.3.1/thumb/v6-m/nofp\libgcc.a(mulsf3.o)
                0x0000000008000ba4                __aeabi_fmul
 .text          0x0000000008000df0      0x35c c:/st/stm32cubeide_1.9.0/stm32cubeide/plugins/com.st.stm32cube.ide.mcu.externaltools.gnu-tools-for-stm32.10.3-2021.10.win32_1.0.0.202111181127/tools/bin/../lib/gcc/arm-none-eabi/10.3.1/thumb/v6-m/nofp\libgcc.a(subsf3.o)
                0x0000000008000df0                __aeabi_fsub
 .text          0x000000000800114c       0x40 c:/st/stm32cubeide_1.9.0/stm32cubeide/plugins/com.st.stm32cube.ide.mcu.externaltools.gnu-tools-for-stm32.10.3-2021.10.win32_1.0.0.202111181127/tools/bin/../lib/gcc/arm-none-eabi/10.3.1/thumb/v6-m/nofp\libgcc.a(fixsfsi.o)
                0x000000000800114c                __aeabi_f2iz
 .text          0x000000000800118c       0x84 c:/st/stm32cubeide_1.9.0/stm32cubeide/plugins/com.st.stm32cube.ide.mcu.externaltools.gnu-tools-for-stm32.10.3-2021.10.win32_1.0.0.202111181127/tools/bin/../lib/gcc/arm-none-eabi/10.3.1/thumb/v6-m/nofp\libgcc.a(floatunsisf.o)
                0x000000000800118c                __aeabi_ui2f
 .text          0x0000000008001210      0x5ec c:/st/stm32cubeide_1.9.0/stm32cubeide/plugins/com.st.stm32cube.ide.mcu.externaltools.gnu-tools-for-stm32.10.3-2021.10.win32_1.0.0.202111181127/tools/bin/../lib/gcc/arm-none-eabi/10.3.1/thumb/v6-m/nofp\libgcc.a(divdf3.o)
                0x0000000008001210                __aeabi_ddiv
 .text          0x00000000080017fc      0x4d8 c:/st/stm32cubeide_1.9.0/stm32cubeide/plugins/com.st.stm32cube.ide.mcu.externaltools.gnu-tools-for-stm32.10.3-2021.10.win32_1.0.0.202111181127/tools/bin/../lib/gcc/arm-none-eabi/10.3.1/thumb/v6-m/nofp\libgcc.a(muldf3.o)
                0x00000000080017fc                __aeabi_dmul
 .text          0x0000000008001cd4       0x90 c:/st/stm32cubeide_1.9.0/stm32cubeide/plugins/com.st.stm32cube.ide.mcu.externaltools.gnu-tools-for-stm32.10.3-2021.10.win32_1.0.0.202111181127/tools/bin/../lib/gcc/arm-none-eabi/10.3.1/thumb/v6-m/nofp\libgcc.a(extendsfdf2.o)
                0x0000000008001cd4                __aeabi_f2d
 .text          0x0000000008001d64      0x110 c:/st/stm32cubeide_1.9.0/stm32cubeide/plugins/com.st.stm32cube.ide.mcu.externaltools.gnu-tools-for-stm32.10.3-2021.10.win32_1.0.0.202111181127/tools/bin/../lib/gcc/arm-none-eabi/10.3.1/thumb/v6-m/nofp\libgcc.a(truncdfsf2.o)
                0x0000000008001d64                __aeabi_d2f
 .text          0x0000000008001e74       0x3c c:/st/stm32cubeide_1.9.0/stm32cubeide/plugins/com.st.stm32cube.ide.mcu.externaltools.gnu-tools-for-stm32.10.3-2021.10.win32_1.0.0.202111181127/tools/bin/../lib/gcc/arm-none-eabi/10.3.1/thumb/v6-m/nofp\libgcc.a(_clzsi2.o)
                0x0000000008001e74                __clzsi2
 *(.text*)
 .text.MX_ADC_Init
                0x0000000008001eb0       0x9c ./Core/Src/adc.o
                0x0000000008001eb0                MX_ADC_Init
 .text.HAL_ADC_MspInit
                0x0000000008001f4c       0xa4 ./Core/Src/adc.o
                0x0000000008001f4c                HAL_ADC_MspInit
 .text.MX_DMA_Init
                0x0000000008001ff0       0x2c ./Core/Src/dma.o
                0x0000000008001ff0                MX_DMA_Init
 .text.MX_GPIO_Init
                0x000000000800201c       0xbc ./Core/Src/gpio.o
                0x000000000800201c                MX_GPIO_Init
 .text.MX_I2C1_Init
                0x00000000080020d8       0x5c ./Core/Src/i2c.o
                0x00000000080020d8                MX_I2C1_Init
 .text.HAL_I2C_MspInit
                0x0000000008002134       0x68 ./Core/Src/i2c.o
                0x0000000008002134                HAL_I2C_MspInit
 .text.SystemClock_Config
                0x000000000800219c       0x76 ./Core/Src/main.o
                0x000000000800219c                SystemClock_Config
 *fill*         0x0000000008002212        0x2 
 .text.Callback_1000ms
                0x0000000008002214      0x158 ./Core/Src/main.o
                0x0000000008002214                Callback_1000ms
 .text.Callback_CURTO_PB_ESQ
                0x000000000800236c       0xa4 ./Core/Src/main.o
                0x000000000800236c                Callback_CURTO_PB_ESQ
 .text.Callback_LONGO_PB_ESQ
                0x0000000008002410       0x10 ./Core/Src/main.o
                0x0000000008002410                Callback_LONGO_PB_ESQ
 .text.Callback_CURTO_PB_DIR
                0x0000000008002420       0xa4 ./Core/Src/main.o
                0x0000000008002420                Callback_CURTO_PB_DIR
 .text.Callback_LONGO_PB_DIR
                0x00000000080024c4       0x10 ./Core/Src/main.o
                0x00000000080024c4                Callback_LONGO_PB_DIR
 .text.Callback_LONGO_PB_MENU
                0x00000000080024d4       0x10 ./Core/Src/main.o
                0x00000000080024d4                Callback_LONGO_PB_MENU
 .text.HAL_TIM_IC_CaptureCallback
                0x00000000080024e4       0xb4 ./Core/Src/main.o
                0x00000000080024e4                HAL_TIM_IC_CaptureCallback
 .text.Controle_De_Telas
                0x0000000008002598       0xb4 ./Core/Src/main.o
                0x0000000008002598                Controle_De_Telas
 .text.Write_in_flash_HIBRIDO
                0x000000000800264c       0x26 ./Core/Src/main.o
                0x000000000800264c                Write_in_flash_HIBRIDO
 *fill*         0x0000000008002672        0x2 
 .text.Grava_memoria
                0x0000000008002674       0x6c ./Core/Src/main.o
                0x0000000008002674                Grava_memoria
 .text.Callback_CURTO_PB_MENU
                0x00000000080026e0       0x58 ./Core/Src/main.o
                0x00000000080026e0                Callback_CURTO_PB_MENU
 .text.HAL_GPIO_EXTI_Callback
                0x0000000008002738       0x88 ./Core/Src/main.o
                0x0000000008002738                HAL_GPIO_EXTI_Callback
 .text.HAL_TIM_PeriodElapsedCallback
                0x00000000080027c0      0x15c ./Core/Src/main.o
                0x00000000080027c0                HAL_TIM_PeriodElapsedCallback
 .text.Atualiza_Variaveis
                0x000000000800291c       0x78 ./Core/Src/main.o
                0x000000000800291c                Atualiza_Variaveis
 .text.startup.main
                0x0000000008002994       0xd8 ./Core/Src/main.o
                0x0000000008002994                main
 .text.Error_Handler
                0x0000000008002a6c        0x4 ./Core/Src/main.o
                0x0000000008002a6c                Error_Handler
 .text.HAL_MspInit
                0x0000000008002a70       0x30 ./Core/Src/stm32f0xx_hal_msp.o
                0x0000000008002a70                HAL_MspInit
 .text.NMI_Handler
                0x0000000008002aa0        0x2 ./Core/Src/stm32f0xx_it.o
                0x0000000008002aa0                NMI_Handler
 .text.HardFault_Handler
                0x0000000008002aa2        0x2 ./Core/Src/stm32f0xx_it.o
                0x0000000008002aa2                HardFault_Handler
 .text.SVC_Handler
                0x0000000008002aa4        0x2 ./Core/Src/stm32f0xx_it.o
                0x0000000008002aa4                SVC_Handler
 .text.PendSV_Handler
                0x0000000008002aa6        0x2 ./Core/Src/stm32f0xx_it.o
                0x0000000008002aa6                PendSV_Handler
 .text.SysTick_Handler
                0x0000000008002aa8        0x8 ./Core/Src/stm32f0xx_it.o
                0x0000000008002aa8                SysTick_Handler
 .text.EXTI4_15_IRQHandler
                0x0000000008002ab0       0x16 ./Core/Src/stm32f0xx_it.o
                0x0000000008002ab0                EXTI4_15_IRQHandler
 *fill*         0x0000000008002ac6        0x2 
 .text.DMA1_Channel1_IRQHandler
                0x0000000008002ac8       0x10 ./Core/Src/stm32f0xx_it.o
                0x0000000008002ac8                DMA1_Channel1_IRQHandler
 .text.ADC1_IRQHandler
                0x0000000008002ad8       0x10 ./Core/Src/stm32f0xx_it.o
                0x0000000008002ad8                ADC1_IRQHandler
 .text.TIM2_IRQHandler
                0x0000000008002ae8       0x10 ./Core/Src/stm32f0xx_it.o
                0x0000000008002ae8                TIM2_IRQHandler
 .text.TIM3_IRQHandler
                0x0000000008002af8       0x10 ./Core/Src/stm32f0xx_it.o
                0x0000000008002af8                TIM3_IRQHandler
 .text._sbrk    0x0000000008002b08       0x40 ./Core/Src/sysmem.o
                0x0000000008002b08                _sbrk
 .text.SystemInit
                0x0000000008002b48        0x2 ./Core/Src/system_stm32f0xx.o
                0x0000000008002b48                SystemInit
 *fill*         0x0000000008002b4a        0x2 
 .text.MX_TIM2_Init
                0x0000000008002b4c       0x78 ./Core/Src/tim.o
                0x0000000008002b4c                MX_TIM2_Init
 .text.MX_TIM3_Init
                0x0000000008002bc4       0x80 ./Core/Src/tim.o
                0x0000000008002bc4                MX_TIM3_Init
 .text.HAL_TIM_Base_MspInit
                0x0000000008002c44       0x34 ./Core/Src/tim.o
                0x0000000008002c44                HAL_TIM_Base_MspInit
 .text.HAL_TIM_IC_MspInit
                0x0000000008002c78       0x70 ./Core/Src/tim.o
                0x0000000008002c78                HAL_TIM_IC_MspInit
 .text.Reset_Handler
                0x0000000008002ce8       0x50 ./Core/Startup/startup_stm32f031k6tx.o
                0x0000000008002ce8                Reset_Handler
 .text.Default_Handler
                0x0000000008002d38        0x2 ./Core/Startup/startup_stm32f031k6tx.o
                0x0000000008002d38                TIM1_CC_IRQHandler
                0x0000000008002d38                PVD_IRQHandler
                0x0000000008002d38                I2C1_IRQHandler
                0x0000000008002d38                SPI1_IRQHandler
                0x0000000008002d38                EXTI2_3_IRQHandler
                0x0000000008002d38                TIM17_IRQHandler
                0x0000000008002d38                RTC_IRQHandler
                0x0000000008002d38                TIM16_IRQHandler
                0x0000000008002d38                RCC_IRQHandler
                0x0000000008002d38                Default_Handler
                0x0000000008002d38                TIM14_IRQHandler
                0x0000000008002d38                DMA1_Channel4_5_IRQHandler
                0x0000000008002d38                EXTI0_1_IRQHandler
                0x0000000008002d38                WWDG_IRQHandler
                0x0000000008002d38                DMA1_Channel2_3_IRQHandler
                0x0000000008002d38                FLASH_IRQHandler
                0x0000000008002d38                USART1_IRQHandler
                0x0000000008002d38                TIM1_BRK_UP_TRG_COM_IRQHandler
 *fill*         0x0000000008002d3a        0x2 
 .text.HAL_InitTick
                0x0000000008002d3c       0x48 ./Drivers/STM32F0xx_HAL_Driver/Src/stm32f0xx_hal.o
                0x0000000008002d3c                HAL_InitTick
 .text.HAL_Init
                0x0000000008002d84       0x20 ./Drivers/STM32F0xx_HAL_Driver/Src/stm32f0xx_hal.o
                0x0000000008002d84                HAL_Init
 .text.HAL_IncTick
                0x0000000008002da4       0x18 ./Drivers/STM32F0xx_HAL_Driver/Src/stm32f0xx_hal.o
                0x0000000008002da4                HAL_IncTick
 .text.HAL_GetTick
                0x0000000008002dbc        0xc ./Drivers/STM32F0xx_HAL_Driver/Src/stm32f0xx_hal.o
                0x0000000008002dbc                HAL_GetTick
 .text.HAL_Delay
                0x0000000008002dc8       0x24 ./Drivers/STM32F0xx_HAL_Driver/Src/stm32f0xx_hal.o
                0x0000000008002dc8                HAL_Delay
 .text.ADC_Enable
                0x0000000008002dec       0xa0 ./Drivers/STM32F0xx_HAL_Driver/Src/stm32f0xx_hal_adc.o
 .text.HAL_ADC_Init
                0x0000000008002e8c      0x150 ./Drivers/STM32F0xx_HAL_Driver/Src/stm32f0xx_hal_adc.o
                0x0000000008002e8c                HAL_ADC_Init
 .text.HAL_ADC_Start_DMA
                0x0000000008002fdc       0x94 ./Drivers/STM32F0xx_HAL_Driver/Src/stm32f0xx_hal_adc.o
                0x0000000008002fdc                HAL_ADC_Start_DMA
 .text.HAL_ADC_ConvCpltCallback
                0x0000000008003070        0x2 ./Drivers/STM32F0xx_HAL_Driver/Src/stm32f0xx_hal_adc.o
                0x0000000008003070                HAL_ADC_ConvCpltCallback
 *fill*         0x0000000008003072        0x2 
 .text.ADC_DMAConvCplt
                0x0000000008003074       0x70 ./Drivers/STM32F0xx_HAL_Driver/Src/stm32f0xx_hal_adc.o
 .text.HAL_ADC_ConvHalfCpltCallback
                0x00000000080030e4        0x2 ./Drivers/STM32F0xx_HAL_Driver/Src/stm32f0xx_hal_adc.o
                0x00000000080030e4                HAL_ADC_ConvHalfCpltCallback
 .text.ADC_DMAHalfConvCplt
                0x00000000080030e6        0xa ./Drivers/STM32F0xx_HAL_Driver/Src/stm32f0xx_hal_adc.o
 .text.HAL_ADC_LevelOutOfWindowCallback
                0x00000000080030f0        0x2 ./Drivers/STM32F0xx_HAL_Driver/Src/stm32f0xx_hal_adc.o
                0x00000000080030f0                HAL_ADC_LevelOutOfWindowCallback
 .text.HAL_ADC_ErrorCallback
                0x00000000080030f2        0x2 ./Drivers/STM32F0xx_HAL_Driver/Src/stm32f0xx_hal_adc.o
                0x00000000080030f2                HAL_ADC_ErrorCallback
 .text.ADC_DMAError
                0x00000000080030f4       0x1a ./Drivers/STM32F0xx_HAL_Driver/Src/stm32f0xx_hal_adc.o
 *fill*         0x000000000800310e        0x2 
 .text.HAL_ADC_IRQHandler
                0x0000000008003110       0xe0 ./Drivers/STM32F0xx_HAL_Driver/Src/stm32f0xx_hal_adc.o
                0x0000000008003110                HAL_ADC_IRQHandler
 .text.HAL_ADC_ConfigChannel
                0x00000000080031f0      0x10c ./Drivers/STM32F0xx_HAL_Driver/Src/stm32f0xx_hal_adc.o
                0x00000000080031f0                HAL_ADC_ConfigChannel
 .text.HAL_NVIC_SetPriority
                0x00000000080032fc       0x54 ./Drivers/STM32F0xx_HAL_Driver/Src/stm32f0xx_hal_cortex.o
                0x00000000080032fc                HAL_NVIC_SetPriority
 .text.HAL_NVIC_EnableIRQ
                0x0000000008003350       0x18 ./Drivers/STM32F0xx_HAL_Driver/Src/stm32f0xx_hal_cortex.o
                0x0000000008003350                HAL_NVIC_EnableIRQ
 .text.HAL_SYSTICK_Config
                0x0000000008003368       0x34 ./Drivers/STM32F0xx_HAL_Driver/Src/stm32f0xx_hal_cortex.o
                0x0000000008003368                HAL_SYSTICK_Config
 .text.HAL_DMA_Init
                0x000000000800339c       0x64 ./Drivers/STM32F0xx_HAL_Driver/Src/stm32f0xx_hal_dma.o
                0x000000000800339c                HAL_DMA_Init
 .text.HAL_DMA_Start_IT
                0x0000000008003400       0x7c ./Drivers/STM32F0xx_HAL_Driver/Src/stm32f0xx_hal_dma.o
                0x0000000008003400                HAL_DMA_Start_IT
 .text.HAL_DMA_IRQHandler
                0x000000000800347c       0x92 ./Drivers/STM32F0xx_HAL_Driver/Src/stm32f0xx_hal_dma.o
                0x000000000800347c                HAL_DMA_IRQHandler
 *fill*         0x000000000800350e        0x2 
 .text.FLASH_SetErrorCode
                0x0000000008003510       0x3c ./Drivers/STM32F0xx_HAL_Driver/Src/stm32f0xx_hal_flash.o
 .text.HAL_FLASH_Unlock
                0x000000000800354c       0x28 ./Drivers/STM32F0xx_HAL_Driver/Src/stm32f0xx_hal_flash.o
                0x000000000800354c                HAL_FLASH_Unlock
 .text.HAL_FLASH_Lock
                0x0000000008003574       0x14 ./Drivers/STM32F0xx_HAL_Driver/Src/stm32f0xx_hal_flash.o
                0x0000000008003574                HAL_FLASH_Lock
 .text.FLASH_WaitForLastOperation
                0x0000000008003588       0x54 ./Drivers/STM32F0xx_HAL_Driver/Src/stm32f0xx_hal_flash.o
                0x0000000008003588                FLASH_WaitForLastOperation
 .text.HAL_FLASH_Program
                0x00000000080035dc       0x84 ./Drivers/STM32F0xx_HAL_Driver/Src/stm32f0xx_hal_flash.o
                0x00000000080035dc                HAL_FLASH_Program
 .text.FLASH_MassErase
                0x0000000008003660       0x24 ./Drivers/STM32F0xx_HAL_Driver/Src/stm32f0xx_hal_flash_ex.o
 .text.FLASH_PageErase
                0x0000000008003684       0x24 ./Drivers/STM32F0xx_HAL_Driver/Src/stm32f0xx_hal_flash_ex.o
                0x0000000008003684                FLASH_PageErase
 .text.HAL_FLASHEx_Erase
                0x00000000080036a8       0x94 ./Drivers/STM32F0xx_HAL_Driver/Src/stm32f0xx_hal_flash_ex.o
                0x00000000080036a8                HAL_FLASHEx_Erase
 .text.HAL_GPIO_Init
                0x000000000800373c      0x160 ./Drivers/STM32F0xx_HAL_Driver/Src/stm32f0xx_hal_gpio.o
                0x000000000800373c                HAL_GPIO_Init
 .text.HAL_GPIO_ReadPin
                0x000000000800389c        0xc ./Drivers/STM32F0xx_HAL_Driver/Src/stm32f0xx_hal_gpio.o
                0x000000000800389c                HAL_GPIO_ReadPin
 .text.HAL_GPIO_WritePin
                0x00000000080038a8        0xc ./Drivers/STM32F0xx_HAL_Driver/Src/stm32f0xx_hal_gpio.o
                0x00000000080038a8                HAL_GPIO_WritePin
 .text.HAL_GPIO_EXTI_IRQHandler
                0x00000000080038b4       0x18 ./Drivers/STM32F0xx_HAL_Driver/Src/stm32f0xx_hal_gpio.o
                0x00000000080038b4                HAL_GPIO_EXTI_IRQHandler
 .text.I2C_Flush_TXDR
                0x00000000080038cc       0x1c ./Drivers/STM32F0xx_HAL_Driver/Src/stm32f0xx_hal_i2c.o
 .text.I2C_TransferConfig
                0x00000000080038e8       0x28 ./Drivers/STM32F0xx_HAL_Driver/Src/stm32f0xx_hal_i2c.o
 .text.I2C_IsAcknowledgeFailed
                0x0000000008003910       0x88 ./Drivers/STM32F0xx_HAL_Driver/Src/stm32f0xx_hal_i2c.o
 .text.I2C_WaitOnTXISFlagUntilTimeout
                0x0000000008003998       0x54 ./Drivers/STM32F0xx_HAL_Driver/Src/stm32f0xx_hal_i2c.o
 .text.I2C_WaitOnFlagUntilTimeout
                0x00000000080039ec       0x50 ./Drivers/STM32F0xx_HAL_Driver/Src/stm32f0xx_hal_i2c.o
 .text.I2C_RequestMemoryWrite
                0x0000000008003a3c       0x68 ./Drivers/STM32F0xx_HAL_Driver/Src/stm32f0xx_hal_i2c.o
 .text.I2C_WaitOnSTOPFlagUntilTimeout
                0x0000000008003aa4       0x50 ./Drivers/STM32F0xx_HAL_Driver/Src/stm32f0xx_hal_i2c.o
 .text.HAL_I2C_Init
                0x0000000008003af4       0xac ./Drivers/STM32F0xx_HAL_Driver/Src/stm32f0xx_hal_i2c.o
                0x0000000008003af4                HAL_I2C_Init
 .text.HAL_I2C_Mem_Write
                0x0000000008003ba0      0x174 ./Drivers/STM32F0xx_HAL_Driver/Src/stm32f0xx_hal_i2c.o
                0x0000000008003ba0                HAL_I2C_Mem_Write
 .text.HAL_I2CEx_ConfigAnalogFilter
                0x0000000008003d14       0x4c ./Drivers/STM32F0xx_HAL_Driver/Src/stm32f0xx_hal_i2c_ex.o
                0x0000000008003d14                HAL_I2CEx_ConfigAnalogFilter
 .text.HAL_I2CEx_ConfigDigitalFilter
                0x0000000008003d60       0x48 ./Drivers/STM32F0xx_HAL_Driver/Src/stm32f0xx_hal_i2c_ex.o
                0x0000000008003d60                HAL_I2CEx_ConfigDigitalFilter
 .text.HAL_RCC_OscConfig
                0x0000000008003da8      0x400 ./Drivers/STM32F0xx_HAL_Driver/Src/stm32f0xx_hal_rcc.o
                0x0000000008003da8                HAL_RCC_OscConfig
 .text.HAL_RCC_GetSysClockFreq
                0x00000000080041a8       0x64 ./Drivers/STM32F0xx_HAL_Driver/Src/stm32f0xx_hal_rcc.o
                0x00000000080041a8                HAL_RCC_GetSysClockFreq
 .text.HAL_RCC_ClockConfig
                0x000000000800420c      0x108 ./Drivers/STM32F0xx_HAL_Driver/Src/stm32f0xx_hal_rcc.o
                0x000000000800420c                HAL_RCC_ClockConfig
 .text.HAL_RCC_GetPCLK1Freq
                0x0000000008004314       0x20 ./Drivers/STM32F0xx_HAL_Driver/Src/stm32f0xx_hal_rcc.o
                0x0000000008004314                HAL_RCC_GetPCLK1Freq
 .text.HAL_RCCEx_PeriphCLKConfig
                0x0000000008004334      0x10c ./Drivers/STM32F0xx_HAL_Driver/Src/stm32f0xx_hal_rcc_ex.o
                0x0000000008004334                HAL_RCCEx_PeriphCLKConfig
 .text.HAL_TIM_Base_Start_IT
                0x0000000008004440       0x58 ./Drivers/STM32F0xx_HAL_Driver/Src/stm32f0xx_hal_tim.o
                0x0000000008004440                HAL_TIM_Base_Start_IT
 .text.HAL_TIM_ReadCapturedValue
                0x0000000008004498       0x2e ./Drivers/STM32F0xx_HAL_Driver/Src/stm32f0xx_hal_tim.o
                0x0000000008004498                HAL_TIM_ReadCapturedValue
 .text.HAL_TIM_OC_DelayElapsedCallback
                0x00000000080044c6        0x2 ./Drivers/STM32F0xx_HAL_Driver/Src/stm32f0xx_hal_tim.o
                0x00000000080044c6                HAL_TIM_OC_DelayElapsedCallback
 .text.HAL_TIM_PWM_PulseFinishedCallback
                0x00000000080044c8        0x2 ./Drivers/STM32F0xx_HAL_Driver/Src/stm32f0xx_hal_tim.o
                0x00000000080044c8                HAL_TIM_PWM_PulseFinishedCallback
 .text.HAL_TIM_TriggerCallback
                0x00000000080044ca        0x2 ./Drivers/STM32F0xx_HAL_Driver/Src/stm32f0xx_hal_tim.o
                0x00000000080044ca                HAL_TIM_TriggerCallback
 .text.HAL_TIM_IRQHandler
                0x00000000080044cc      0x148 ./Drivers/STM32F0xx_HAL_Driver/Src/stm32f0xx_hal_tim.o
                0x00000000080044cc                HAL_TIM_IRQHandler
 .text.TIM_Base_SetConfig
                0x0000000008004614       0x90 ./Drivers/STM32F0xx_HAL_Driver/Src/stm32f0xx_hal_tim.o
                0x0000000008004614                TIM_Base_SetConfig
 .text.HAL_TIM_Base_Init
                0x00000000080046a4       0x50 ./Drivers/STM32F0xx_HAL_Driver/Src/stm32f0xx_hal_tim.o
                0x00000000080046a4                HAL_TIM_Base_Init
 .text.HAL_TIM_IC_Init
                0x00000000080046f4       0x50 ./Drivers/STM32F0xx_HAL_Driver/Src/stm32f0xx_hal_tim.o
                0x00000000080046f4                HAL_TIM_IC_Init
 .text.TIM_TI1_SetConfig
                0x0000000008004744       0x50 ./Drivers/STM32F0xx_HAL_Driver/Src/stm32f0xx_hal_tim.o
                0x0000000008004744                TIM_TI1_SetConfig
 .text.HAL_TIM_IC_ConfigChannel
                0x0000000008004794      0x150 ./Drivers/STM32F0xx_HAL_Driver/Src/stm32f0xx_hal_tim.o
                0x0000000008004794                HAL_TIM_IC_ConfigChannel
 .text.TIM_ETR_SetConfig
                0x00000000080048e4       0x18 ./Drivers/STM32F0xx_HAL_Driver/Src/stm32f0xx_hal_tim.o
                0x00000000080048e4                TIM_ETR_SetConfig
 .text.HAL_TIM_ConfigClockSource
                0x00000000080048fc      0x14c ./Drivers/STM32F0xx_HAL_Driver/Src/stm32f0xx_hal_tim.o
                0x00000000080048fc                HAL_TIM_ConfigClockSource
 .text.TIM_CCxChannelCmd
                0x0000000008004a48       0x1a ./Drivers/STM32F0xx_HAL_Driver/Src/stm32f0xx_hal_tim.o
                0x0000000008004a48                TIM_CCxChannelCmd
 *fill*         0x0000000008004a62        0x2 
 .text.HAL_TIM_IC_Start_IT
                0x0000000008004a64       0xe4 ./Drivers/STM32F0xx_HAL_Driver/Src/stm32f0xx_hal_tim.o
                0x0000000008004a64                HAL_TIM_IC_Start_IT
 .text.HAL_TIMEx_MasterConfigSynchronization
                0x0000000008004b48       0x58 ./Drivers/STM32F0xx_HAL_Driver/Src/stm32f0xx_hal_tim_ex.o
                0x0000000008004b48                HAL_TIMEx_MasterConfigSynchronization
 .text.HAL_TIMEx_CommutCallback
                0x0000000008004ba0        0x2 ./Drivers/STM32F0xx_HAL_Driver/Src/stm32f0xx_hal_tim_ex.o
                0x0000000008004ba0                HAL_TIMEx_CommutCallback
 .text.HAL_TIMEx_BreakCallback
                0x0000000008004ba2        0x2 ./Drivers/STM32F0xx_HAL_Driver/Src/stm32f0xx_hal_tim_ex.o
                0x0000000008004ba2                HAL_TIMEx_BreakCallback
 .text.Inicia_display
                0x0000000008004ba4       0x40 ./U8GLIB/Src/Display.o
                0x0000000008004ba4                Inicia_display
 .text.Menu_bolas_display
                0x0000000008004be4       0x3c ./U8GLIB/Src/Display.o
                0x0000000008004be4                Menu_bolas_display
 .text.u8g_My_SetaFonte
                0x0000000008004c20       0x20 ./U8GLIB/Src/Display.o
                0x0000000008004c20                u8g_My_SetaFonte
 .text.Draw_principal
                0x0000000008004c40      0x1a0 ./U8GLIB/Src/Display.o
                0x0000000008004c40                Draw_principal
 .text.Tela_Menu_Raio
                0x0000000008004de0       0xc4 ./U8GLIB/Src/Display.o
                0x0000000008004de0                Tela_Menu_Raio
 .text.Tela_Menu_braco
                0x0000000008004ea4       0xc4 ./U8GLIB/Src/Display.o
                0x0000000008004ea4                Tela_Menu_braco
 .text.Tela_Menu_Vel_troca
                0x0000000008004f68       0xc4 ./U8GLIB/Src/Display.o
                0x0000000008004f68                Tela_Menu_Vel_troca
 .text.Tela_Menu_Modo
                0x000000000800502c       0xc0 ./U8GLIB/Src/Display.o
                0x000000000800502c                Tela_Menu_Modo
 .text.u8g_Delay
                0x00000000080050ec        0x8 ./U8GLIB/Src/u8g_com_arm_stm32.o
                0x00000000080050ec                u8g_Delay
 .text.u8g_xMicroDelay
                0x00000000080050f4       0x44 ./U8GLIB/Src/u8g_com_arm_stm32.o
                0x00000000080050f4                u8g_xMicroDelay
 .text.u8g_MicroDelay
                0x0000000008005138        0xa ./U8GLIB/Src/u8g_com_arm_stm32.o
                0x0000000008005138                u8g_MicroDelay
 .text.u8g_10MicroDelay
                0x0000000008005142        0xa ./U8GLIB/Src/u8g_com_arm_stm32.o
                0x0000000008005142                u8g_10MicroDelay
 .text.u8g_com_arm_stm32_ssd_i2c_fn
                0x000000000800514c       0x90 ./U8GLIB/Src/u8g_com_arm_stm32.o
                0x000000000800514c                u8g_com_arm_stm32_ssd_i2c_fn
 .text.u8g_DrawHBitmap
                0x00000000080051dc       0x32 ./U8GLIB/u8glib/u8g_bitmap.o
                0x00000000080051dc                u8g_DrawHBitmap
 .text.u8g_DrawBitmap
                0x000000000800520e       0x46 ./U8GLIB/u8glib/u8g_bitmap.o
                0x000000000800520e                u8g_DrawBitmap
 .text.u8g_draw_circle_section
                0x0000000008005254       0xa8 ./U8GLIB/u8glib/u8g_circle.o
 .text.u8g_draw_circle
                0x00000000080052fc       0x70 ./U8GLIB/u8glib/u8g_circle.o
                0x00000000080052fc                u8g_draw_circle
 .text.u8g_IsBBXIntersection
                0x000000000800536c       0x5c ./U8GLIB/u8glib/u8g_clip.o
                0x000000000800536c                u8g_IsBBXIntersection
 .text.u8g_InitCom
                0x00000000080053c8        0xc ./U8GLIB/u8glib/u8g_com_api.o
                0x00000000080053c8                u8g_InitCom
 .text.u8g_SetChipSelect
                0x00000000080053d4        0xc ./U8GLIB/u8glib/u8g_com_api.o
                0x00000000080053d4                u8g_SetChipSelect
 .text.u8g_SetResetLow
                0x00000000080053e0        0xe ./U8GLIB/u8glib/u8g_com_api.o
                0x00000000080053e0                u8g_SetResetLow
 .text.u8g_SetResetHigh
                0x00000000080053ee        0xe ./U8GLIB/u8glib/u8g_com_api.o
                0x00000000080053ee                u8g_SetResetHigh
 .text.u8g_SetAddress
                0x00000000080053fc        0xc ./U8GLIB/u8glib/u8g_com_api.o
                0x00000000080053fc                u8g_SetAddress
 .text.u8g_WriteByte
                0x0000000008005408        0xc ./U8GLIB/u8glib/u8g_com_api.o
                0x0000000008005408                u8g_WriteByte
 .text.u8g_WriteSequence
                0x0000000008005414        0xa ./U8GLIB/u8glib/u8g_com_api.o
                0x0000000008005414                u8g_WriteSequence
 .text.u8g_WriteEscSeqP
                0x000000000800541e       0x92 ./U8GLIB/u8glib/u8g_com_api.o
                0x000000000800541e                u8g_WriteEscSeqP
 .text.u8g_com_null_fn
                0x00000000080054b0        0x4 ./U8GLIB/u8glib/u8g_com_null.o
                0x00000000080054b0                u8g_com_null_fn
 .text.u8g_DisableCursor
                0x00000000080054b4        0x6 ./U8GLIB/u8glib/u8g_cursor.o
                0x00000000080054b4                u8g_DisableCursor
 *fill*         0x00000000080054ba        0x2 
 .text.u8g_dev_ssd1306_128x64_fn
                0x00000000080054bc       0xd4 ./U8GLIB/u8glib/u8g_dev_ssd1306_128x64.o
                0x00000000080054bc                u8g_dev_ssd1306_128x64_fn
 .text.u8g_font_get_word
                0x0000000008005590        0xe ./U8GLIB/u8glib/u8g_font.o
 .text.u8g_font_calc_vref_font
                0x000000000800559e        0x4 ./U8GLIB/u8glib/u8g_font.o
                0x000000000800559e                u8g_font_calc_vref_font
 .text.u8g_font_calc_vref_top
                0x00000000080055a2        0xa ./U8GLIB/u8glib/u8g_font.o
                0x00000000080055a2                u8g_font_calc_vref_top
 .text.u8g_font_GetFormat.isra.0
                0x00000000080055ac        0x2 ./U8GLIB/u8glib/u8g_font.o
 .text.u8g_font_GetFontGlyphStructureSize.isra.0
                0x00000000080055ae       0x14 ./U8GLIB/u8glib/u8g_font.o
 .text.u8g_font_GetEncoding65Pos
                0x00000000080055c2        0xa ./U8GLIB/u8glib/u8g_font.o
                0x00000000080055c2                u8g_font_GetEncoding65Pos
 .text.u8g_font_GetEncoding97Pos
                0x00000000080055cc        0xa ./U8GLIB/u8glib/u8g_font.o
                0x00000000080055cc                u8g_font_GetEncoding97Pos
 .text.u8g_font_GetFontStartEncoding
                0x00000000080055d6        0x4 ./U8GLIB/u8glib/u8g_font.o
                0x00000000080055d6                u8g_font_GetFontStartEncoding
 .text.u8g_font_GetFontEndEncoding
                0x00000000080055da        0x4 ./U8GLIB/u8glib/u8g_font.o
                0x00000000080055da                u8g_font_GetFontEndEncoding
 .text.u8g_GetGlyph
                0x00000000080055de       0xe2 ./U8GLIB/u8glib/u8g_font.o
                0x00000000080055de                u8g_GetGlyph
 .text.u8g_draw_glyph
                0x00000000080056c0       0xa0 ./U8GLIB/u8glib/u8g_font.o
                0x00000000080056c0                u8g_draw_glyph
 .text.u8g_DrawStr
                0x0000000008005760       0x38 ./U8GLIB/u8glib/u8g_font.o
                0x0000000008005760                u8g_DrawStr
 .text.u8g_UpdateRefHeight
                0x0000000008005798       0x56 ./U8GLIB/u8glib/u8g_font.o
                0x0000000008005798                u8g_UpdateRefHeight
 .text.u8g_SetFontRefHeightText
                0x00000000080057ee       0x10 ./U8GLIB/u8glib/u8g_font.o
                0x00000000080057ee                u8g_SetFontRefHeightText
 *fill*         0x00000000080057fe        0x2 
 .text.u8g_SetFontPosBaseline
                0x0000000008005800        0xc ./U8GLIB/u8glib/u8g_font.o
                0x0000000008005800                u8g_SetFontPosBaseline
 .text.u8g_SetFontPosTop
                0x000000000800580c        0xc ./U8GLIB/u8glib/u8g_font.o
                0x000000000800580c                u8g_SetFontPosTop
 .text.u8g_SetFont
                0x0000000008005818       0x1c ./U8GLIB/u8glib/u8g_font.o
                0x0000000008005818                u8g_SetFont
 .text.u8g_DrawLine
                0x0000000008005834       0xcc ./U8GLIB/u8glib/u8g_line.o
                0x0000000008005834                u8g_DrawLine
 .text.u8g_call_dev_fn
                0x0000000008005900        0x8 ./U8GLIB/u8glib/u8g_ll_api.o
                0x0000000008005900                u8g_call_dev_fn
 .text.u8g_InitLL
                0x0000000008005908       0x2a ./U8GLIB/u8glib/u8g_ll_api.o
                0x0000000008005908                u8g_InitLL
 .text.u8g_FirstPageLL
                0x0000000008005932       0x34 ./U8GLIB/u8glib/u8g_ll_api.o
                0x0000000008005932                u8g_FirstPageLL
 .text.u8g_NextPageLL
                0x0000000008005966       0x3a ./U8GLIB/u8glib/u8g_ll_api.o
                0x0000000008005966                u8g_NextPageLL
 .text.u8g_DrawPixelLL
                0x00000000080059a0       0x14 ./U8GLIB/u8glib/u8g_ll_api.o
                0x00000000080059a0                u8g_DrawPixelLL
 .text.u8g_GetWidthLL
                0x00000000080059b4       0x12 ./U8GLIB/u8glib/u8g_ll_api.o
                0x00000000080059b4                u8g_GetWidthLL
 .text.u8g_GetHeightLL
                0x00000000080059c6       0x12 ./U8GLIB/u8glib/u8g_ll_api.o
                0x00000000080059c6                u8g_GetHeightLL
 .text.u8g_GetModeLL
                0x00000000080059d8        0xc ./U8GLIB/u8glib/u8g_ll_api.o
                0x00000000080059d8                u8g_GetModeLL
 .text.u8g_UpdateDimension
                0x00000000080059e4       0x30 ./U8GLIB/u8glib/u8g_ll_api.o
                0x00000000080059e4                u8g_UpdateDimension
 .text.u8g_Begin
                0x0000000008005a14       0x18 ./U8GLIB/u8glib/u8g_ll_api.o
                0x0000000008005a14                u8g_Begin
 .text.u8g_InitComFn
                0x0000000008005a2c       0x44 ./U8GLIB/u8glib/u8g_ll_api.o
                0x0000000008005a2c                u8g_InitComFn
 .text.u8g_FirstPage
                0x0000000008005a70        0xa ./U8GLIB/u8glib/u8g_ll_api.o
                0x0000000008005a70                u8g_FirstPage
 .text.u8g_NextPage
                0x0000000008005a7a       0x16 ./U8GLIB/u8glib/u8g_ll_api.o
                0x0000000008005a7a                u8g_NextPage
 .text.u8g_DrawPixel
                0x0000000008005a90        0xe ./U8GLIB/u8glib/u8g_ll_api.o
                0x0000000008005a90                u8g_DrawPixel
 .text.u8g_Draw8Pixel
                0x0000000008005a9e       0x20 ./U8GLIB/u8glib/u8g_ll_api.o
                0x0000000008005a9e                u8g_Draw8Pixel
 .text.u8g_SetColorIndex
                0x0000000008005abe        0x6 ./U8GLIB/u8glib/u8g_ll_api.o
                0x0000000008005abe                u8g_SetColorIndex
 .text.u8g_GetDefaultForegroundColor
                0x0000000008005ac4       0x12 ./U8GLIB/u8glib/u8g_ll_api.o
                0x0000000008005ac4                u8g_GetDefaultForegroundColor
 .text.u8g_SetDefaultForegroundColor
                0x0000000008005ad6       0x1e ./U8GLIB/u8glib/u8g_ll_api.o
                0x0000000008005ad6                u8g_SetDefaultForegroundColor
 .text.u8g_SetDefaultBackgroundColor
                0x0000000008005af4        0x8 ./U8GLIB/u8glib/u8g_ll_api.o
                0x0000000008005af4                u8g_SetDefaultBackgroundColor
 .text.u8g_page_First
                0x0000000008005afc        0xe ./U8GLIB/u8glib/u8g_page.o
                0x0000000008005afc                u8g_page_First
 .text.u8g_page_Next
                0x0000000008005b0a       0x30 ./U8GLIB/u8glib/u8g_page.o
                0x0000000008005b0a                u8g_page_Next
 .text.u8g_pb_Clear
                0x0000000008005b3a        0xe ./U8GLIB/u8glib/u8g_pb.o
                0x0000000008005b3a                u8g_pb_Clear
 .text.u8g_pb_IsYIntersection
                0x0000000008005b48       0x24 ./U8GLIB/u8glib/u8g_pb.o
                0x0000000008005b48                u8g_pb_IsYIntersection
 .text.u8g_pb_GetPageBox
                0x0000000008005b6c       0x14 ./U8GLIB/u8glib/u8g_pb.o
                0x0000000008005b6c                u8g_pb_GetPageBox
 .text.u8g_pb_Is8PixelVisible
                0x0000000008005b80       0x24 ./U8GLIB/u8glib/u8g_pb.o
                0x0000000008005b80                u8g_pb_Is8PixelVisible
 .text.u8g_pb_WriteBuffer
                0x0000000008005ba4       0x12 ./U8GLIB/u8glib/u8g_pb.o
                0x0000000008005ba4                u8g_pb_WriteBuffer
 .text.u8g_pb8v1_set_pixel
                0x0000000008005bb6       0x26 ./U8GLIB/u8glib/u8g_pb8v1.o
                0x0000000008005bb6                u8g_pb8v1_set_pixel
 .text.u8g_pb8v1_SetPixel
                0x0000000008005bdc       0x22 ./U8GLIB/u8glib/u8g_pb8v1.o
                0x0000000008005bdc                u8g_pb8v1_SetPixel
 *fill*         0x0000000008005bfe        0x2 
 .text.u8g_pb8v1_Set8PixelOpt2
                0x0000000008005c00       0x48 ./U8GLIB/u8glib/u8g_pb8v1.o
                0x0000000008005c00                u8g_pb8v1_Set8PixelOpt2
 .text.u8g_dev_pb8v1_base_fn
                0x0000000008005c48       0x80 ./U8GLIB/u8glib/u8g_pb8v1.o
                0x0000000008005c48                u8g_dev_pb8v1_base_fn
 .text.u8g_draw_hline
                0x0000000008005cc8       0x64 ./U8GLIB/u8glib/u8g_rect.o
                0x0000000008005cc8                u8g_draw_hline
 .text.u8g_draw_vline
                0x0000000008005d2c       0x64 ./U8GLIB/u8glib/u8g_rect.o
                0x0000000008005d2c                u8g_draw_vline
 .text.u8g_draw_box
                0x0000000008005d90       0x2c ./U8GLIB/u8glib/u8g_rect.o
                0x0000000008005d90                u8g_draw_box
 .text.u8g_DrawBox
                0x0000000008005dbc       0x32 ./U8GLIB/u8glib/u8g_rect.o
                0x0000000008005dbc                u8g_DrawBox
 .text.u8g_DrawRFrame
                0x0000000008005dee       0xf4 ./U8GLIB/u8glib/u8g_rect.o
                0x0000000008005dee                u8g_DrawRFrame
 .text.u8g_dev_rot_dummy_fn
                0x0000000008005ee2        0x4 ./U8GLIB/u8glib/u8g_rot.o
                0x0000000008005ee2                u8g_dev_rot_dummy_fn
 .text.u8g_dev_rot180_fn
                0x0000000008005ee6      0x106 ./U8GLIB/u8glib/u8g_rot.o
                0x0000000008005ee6                u8g_dev_rot180_fn
 .text.u8g_SetRot180
                0x0000000008005fec       0x20 ./U8GLIB/u8glib/u8g_rot.o
                0x0000000008005fec                u8g_SetRot180
 .text.u8g_state_dummy_cb
                0x000000000800600c        0x2 ./U8GLIB/u8glib/u8g_state.o
                0x000000000800600c                u8g_state_dummy_cb
 *fill*         0x000000000800600e        0x2 
 .text.__errno  0x0000000008006010        0xc c:/st/stm32cubeide_1.9.0/stm32cubeide/plugins/com.st.stm32cube.ide.mcu.externaltools.gnu-tools-for-stm32.10.3-2021.10.win32_1.0.0.202111181127/tools/bin/../lib/gcc/arm-none-eabi/10.3.1/../../../../arm-none-eabi/lib/thumb/v6-m/nofp\libc_nano.a(lib_a-errno.o)
                0x0000000008006010                __errno
 .text.__libc_init_array
                0x000000000800601c       0x48 c:/st/stm32cubeide_1.9.0/stm32cubeide/plugins/com.st.stm32cube.ide.mcu.externaltools.gnu-tools-for-stm32.10.3-2021.10.win32_1.0.0.202111181127/tools/bin/../lib/gcc/arm-none-eabi/10.3.1/../../../../arm-none-eabi/lib/thumb/v6-m/nofp\libc_nano.a(lib_a-init.o)
                0x000000000800601c                __libc_init_array
 .text.memcpy   0x0000000008006064       0x12 c:/st/stm32cubeide_1.9.0/stm32cubeide/plugins/com.st.stm32cube.ide.mcu.externaltools.gnu-tools-for-stm32.10.3-2021.10.win32_1.0.0.202111181127/tools/bin/../lib/gcc/arm-none-eabi/10.3.1/../../../../arm-none-eabi/lib/thumb/v6-m/nofp\libc_nano.a(lib_a-memcpy-stub.o)
                0x0000000008006064                memcpy
 .text.memset   0x0000000008006076       0x10 c:/st/stm32cubeide_1.9.0/stm32cubeide/plugins/com.st.stm32cube.ide.mcu.externaltools.gnu-tools-for-stm32.10.3-2021.10.win32_1.0.0.202111181127/tools/bin/../lib/gcc/arm-none-eabi/10.3.1/../../../../arm-none-eabi/lib/thumb/v6-m/nofp\libc_nano.a(lib_a-memset.o)
                0x0000000008006076                memset
 *fill*         0x0000000008006086        0x2 
 .text.sprintf  0x0000000008006088       0x40 c:/st/stm32cubeide_1.9.0/stm32cubeide/plugins/com.st.stm32cube.ide.mcu.externaltools.gnu-tools-for-stm32.10.3-2021.10.win32_1.0.0.202111181127/tools/bin/../lib/gcc/arm-none-eabi/10.3.1/../../../../arm-none-eabi/lib/thumb/v6-m/nofp\libc_nano.a(lib_a-sprintf.o)
                0x0000000008006088                siprintf
                0x0000000008006088                sprintf
 .text.__ssputs_r
                0x00000000080060c8       0xc4 c:/st/stm32cubeide_1.9.0/stm32cubeide/plugins/com.st.stm32cube.ide.mcu.externaltools.gnu-tools-for-stm32.10.3-2021.10.win32_1.0.0.202111181127/tools/bin/../lib/gcc/arm-none-eabi/10.3.1/../../../../arm-none-eabi/lib/thumb/v6-m/nofp\libc_nano.a(lib_a-nano-svfprintf.o)
                0x00000000080060c8                __ssputs_r
 .text._svfprintf_r
                0x000000000800618c      0x200 c:/st/stm32cubeide_1.9.0/stm32cubeide/plugins/com.st.stm32cube.ide.mcu.externaltools.gnu-tools-for-stm32.10.3-2021.10.win32_1.0.0.202111181127/tools/bin/../lib/gcc/arm-none-eabi/10.3.1/../../../../arm-none-eabi/lib/thumb/v6-m/nofp\libc_nano.a(lib_a-nano-svfprintf.o)
                0x000000000800618c                _svfiprintf_r
                0x000000000800618c                _svfprintf_r
 .text._printf_common
                0x000000000800638c       0xde c:/st/stm32cubeide_1.9.0/stm32cubeide/plugins/com.st.stm32cube.ide.mcu.externaltools.gnu-tools-for-stm32.10.3-2021.10.win32_1.0.0.202111181127/tools/bin/../lib/gcc/arm-none-eabi/10.3.1/../../../../arm-none-eabi/lib/thumb/v6-m/nofp\libc_nano.a(lib_a-nano-vfprintf_i.o)
                0x000000000800638c                _printf_common
 *fill*         0x000000000800646a        0x2 
 .text._printf_i
                0x000000000800646c      0x224 c:/st/stm32cubeide_1.9.0/stm32cubeide/plugins/com.st.stm32cube.ide.mcu.externaltools.gnu-tools-for-stm32.10.3-2021.10.win32_1.0.0.202111181127/tools/bin/../lib/gcc/arm-none-eabi/10.3.1/../../../../arm-none-eabi/lib/thumb/v6-m/nofp\libc_nano.a(lib_a-nano-vfprintf_i.o)
                0x000000000800646c                _printf_i
 .text.memchr   0x0000000008006690       0x16 c:/st/stm32cubeide_1.9.0/stm32cubeide/plugins/com.st.stm32cube.ide.mcu.externaltools.gnu-tools-for-stm32.10.3-2021.10.win32_1.0.0.202111181127/tools/bin/../lib/gcc/arm-none-eabi/10.3.1/../../../../arm-none-eabi/lib/thumb/v6-m/nofp\libc_nano.a(lib_a-memchr-stub.o)
                0x0000000008006690                memchr
 .text.memmove  0x00000000080066a6       0x26 c:/st/stm32cubeide_1.9.0/stm32cubeide/plugins/com.st.stm32cube.ide.mcu.externaltools.gnu-tools-for-stm32.10.3-2021.10.win32_1.0.0.202111181127/tools/bin/../lib/gcc/arm-none-eabi/10.3.1/../../../../arm-none-eabi/lib/thumb/v6-m/nofp\libc_nano.a(lib_a-memmove.o)
                0x00000000080066a6                memmove
 .text._free_r  0x00000000080066cc       0x94 c:/st/stm32cubeide_1.9.0/stm32cubeide/plugins/com.st.stm32cube.ide.mcu.externaltools.gnu-tools-for-stm32.10.3-2021.10.win32_1.0.0.202111181127/tools/bin/../lib/gcc/arm-none-eabi/10.3.1/../../../../arm-none-eabi/lib/thumb/v6-m/nofp\libc_nano.a(lib_a-nano-freer.o)
                0x00000000080066cc                _free_r
 .text.sbrk_aligned
                0x0000000008006760       0x44 c:/st/stm32cubeide_1.9.0/stm32cubeide/plugins/com.st.stm32cube.ide.mcu.externaltools.gnu-tools-for-stm32.10.3-2021.10.win32_1.0.0.202111181127/tools/bin/../lib/gcc/arm-none-eabi/10.3.1/../../../../arm-none-eabi/lib/thumb/v6-m/nofp\libc_nano.a(lib_a-nano-mallocr.o)
 .text._malloc_r
                0x00000000080067a4       0xec c:/st/stm32cubeide_1.9.0/stm32cubeide/plugins/com.st.stm32cube.ide.mcu.externaltools.gnu-tools-for-stm32.10.3-2021.10.win32_1.0.0.202111181127/tools/bin/../lib/gcc/arm-none-eabi/10.3.1/../../../../arm-none-eabi/lib/thumb/v6-m/nofp\libc_nano.a(lib_a-nano-mallocr.o)
                0x00000000080067a4                _malloc_r
 .text._realloc_r
                0x0000000008006890       0x5e c:/st/stm32cubeide_1.9.0/stm32cubeide/plugins/com.st.stm32cube.ide.mcu.externaltools.gnu-tools-for-stm32.10.3-2021.10.win32_1.0.0.202111181127/tools/bin/../lib/gcc/arm-none-eabi/10.3.1/../../../../arm-none-eabi/lib/thumb/v6-m/nofp\libc_nano.a(lib_a-nano-reallocr.o)
                0x0000000008006890                _realloc_r
 *fill*         0x00000000080068ee        0x2 
 .text._sbrk_r  0x00000000080068f0       0x24 c:/st/stm32cubeide_1.9.0/stm32cubeide/plugins/com.st.stm32cube.ide.mcu.externaltools.gnu-tools-for-stm32.10.3-2021.10.win32_1.0.0.202111181127/tools/bin/../lib/gcc/arm-none-eabi/10.3.1/../../../../arm-none-eabi/lib/thumb/v6-m/nofp\libc_nano.a(lib_a-sbrkr.o)
                0x00000000080068f0                _sbrk_r
 .text.__malloc_lock
                0x0000000008006914       0x10 c:/st/stm32cubeide_1.9.0/stm32cubeide/plugins/com.st.stm32cube.ide.mcu.externaltools.gnu-tools-for-stm32.10.3-2021.10.win32_1.0.0.202111181127/tools/bin/../lib/gcc/arm-none-eabi/10.3.1/../../../../arm-none-eabi/lib/thumb/v6-m/nofp\libc_nano.a(lib_a-mlock.o)
                0x0000000008006914                __malloc_lock
 .text.__malloc_unlock
                0x0000000008006924       0x10 c:/st/stm32cubeide_1.9.0/stm32cubeide/plugins/com.st.stm32cube.ide.mcu.externaltools.gnu-tools-for-stm32.10.3-2021.10.win32_1.0.0.202111181127/tools/bin/../lib/gcc/arm-none-eabi/10.3.1/../../../../arm-none-eabi/lib/thumb/v6-m/nofp\libc_nano.a(lib_a-mlock.o)
                0x0000000008006924                __malloc_unlock
 .text._malloc_usable_size_r
                0x0000000008006934       0x10 c:/st/stm32cubeide_1.9.0/stm32cubeide/plugins/com.st.stm32cube.ide.mcu.externaltools.gnu-tools-for-stm32.10.3-2021.10.win32_1.0.0.202111181127/tools/bin/../lib/gcc/arm-none-eabi/10.3.1/../../../../arm-none-eabi/lib/thumb/v6-m/nofp\libc_nano.a(lib_a-nano-msizer.o)
                0x0000000008006934                _malloc_usable_size_r
 .text.__retarget_lock_acquire_recursive
                0x0000000008006944        0x2 c:/st/stm32cubeide_1.9.0/stm32cubeide/plugins/com.st.stm32cube.ide.mcu.externaltools.gnu-tools-for-stm32.10.3-2021.10.win32_1.0.0.202111181127/tools/bin/../lib/gcc/arm-none-eabi/10.3.1/../../../../arm-none-eabi/lib/thumb/v6-m/nofp\libc_nano.a(lib_a-lock.o)
                0x0000000008006944                __retarget_lock_acquire_recursive
 .text.__retarget_lock_release_recursive
                0x0000000008006946        0x2 c:/st/stm32cubeide_1.9.0/stm32cubeide/plugins/com.st.stm32cube.ide.mcu.externaltools.gnu-tools-for-stm32.10.3-2021.10.win32_1.0.0.202111181127/tools/bin/../lib/gcc/arm-none-eabi/10.3.1/../../../../arm-none-eabi/lib/thumb/v6-m/nofp\libc_nano.a(lib_a-lock.o)
                0x0000000008006946                __retarget_lock_release_recursive
 *(.glue_7)
 .glue_7        0x0000000008006948        0x0 linker stubs
 *(.glue_7t)
 .glue_7t       0x0000000008006948        0x0 linker stubs
 *(.eh_frame)
 .eh_frame      0x0000000008006948        0x0 c:/st/stm32cubeide_1.9.0/stm32cubeide/plugins/com.st.stm32cube.ide.mcu.externaltools.gnu-tools-for-stm32.10.3-2021.10.win32_1.0.0.202111181127/tools/bin/../lib/gcc/arm-none-eabi/10.3.1/thumb/v6-m/nofp/crtbegin.o
 *(.init)
 .init          0x0000000008006948        0x4 c:/st/stm32cubeide_1.9.0/stm32cubeide/plugins/com.st.stm32cube.ide.mcu.externaltools.gnu-tools-for-stm32.10.3-2021.10.win32_1.0.0.202111181127/tools/bin/../lib/gcc/arm-none-eabi/10.3.1/thumb/v6-m/nofp/crti.o
                0x0000000008006948                _init
 .init          0x000000000800694c        0x8 c:/st/stm32cubeide_1.9.0/stm32cubeide/plugins/com.st.stm32cube.ide.mcu.externaltools.gnu-tools-for-stm32.10.3-2021.10.win32_1.0.0.202111181127/tools/bin/../lib/gcc/arm-none-eabi/10.3.1/thumb/v6-m/nofp/crtn.o
 *(.fini)
 .fini          0x0000000008006954        0x4 c:/st/stm32cubeide_1.9.0/stm32cubeide/plugins/com.st.stm32cube.ide.mcu.externaltools.gnu-tools-for-stm32.10.3-2021.10.win32_1.0.0.202111181127/tools/bin/../lib/gcc/arm-none-eabi/10.3.1/thumb/v6-m/nofp/crti.o
                0x0000000008006954                _fini
 .fini          0x0000000008006958        0x8 c:/st/stm32cubeide_1.9.0/stm32cubeide/plugins/com.st.stm32cube.ide.mcu.externaltools.gnu-tools-for-stm32.10.3-2021.10.win32_1.0.0.202111181127/tools/bin/../lib/gcc/arm-none-eabi/10.3.1/thumb/v6-m/nofp/crtn.o
                0x0000000008006960                . = ALIGN (0x4)
                0x0000000008006960                _etext = .

.vfp11_veneer   0x0000000008006960        0x0
 .vfp11_veneer  0x0000000008006960        0x0 linker stubs

.v4_bx          0x0000000008006960        0x0
 .v4_bx         0x0000000008006960        0x0 linker stubs

.iplt           0x0000000008006960        0x0
 .iplt          0x0000000008006960        0x0 c:/st/stm32cubeide_1.9.0/stm32cubeide/plugins/com.st.stm32cube.ide.mcu.externaltools.gnu-tools-for-stm32.10.3-2021.10.win32_1.0.0.202111181127/tools/bin/../lib/gcc/arm-none-eabi/10.3.1/thumb/v6-m/nofp/crtbegin.o

.rodata         0x0000000008006960      0xbc4
                0x0000000008006960                . = ALIGN (0x4)
 *(.rodata)
 .rodata        0x0000000008006960       0x80 c:/st/stm32cubeide_1.9.0/stm32cubeide/plugins/com.st.stm32cube.ide.mcu.externaltools.gnu-tools-for-stm32.10.3-2021.10.win32_1.0.0.202111181127/tools/bin/../lib/gcc/arm-none-eabi/10.3.1/thumb/v6-m/nofp\libgcc.a(divsf3.o)
 .rodata        0x00000000080069e0       0x40 c:/st/stm32cubeide_1.9.0/stm32cubeide/plugins/com.st.stm32cube.ide.mcu.externaltools.gnu-tools-for-stm32.10.3-2021.10.win32_1.0.0.202111181127/tools/bin/../lib/gcc/arm-none-eabi/10.3.1/thumb/v6-m/nofp\libgcc.a(mulsf3.o)
 .rodata        0x0000000008006a20       0x40 c:/st/stm32cubeide_1.9.0/stm32cubeide/plugins/com.st.stm32cube.ide.mcu.externaltools.gnu-tools-for-stm32.10.3-2021.10.win32_1.0.0.202111181127/tools/bin/../lib/gcc/arm-none-eabi/10.3.1/thumb/v6-m/nofp\libgcc.a(divdf3.o)
 .rodata        0x0000000008006a60       0x40 c:/st/stm32cubeide_1.9.0/stm32cubeide/plugins/com.st.stm32cube.ide.mcu.externaltools.gnu-tools-for-stm32.10.3-2021.10.win32_1.0.0.202111181127/tools/bin/../lib/gcc/arm-none-eabi/10.3.1/thumb/v6-m/nofp\libgcc.a(muldf3.o)
 *(.rodata*)
 .rodata.AHBPrescTable
                0x0000000008006aa0       0x10 ./Core/Src/system_stm32f0xx.o
                0x0000000008006aa0                AHBPrescTable
 .rodata.APBPrescTable
                0x0000000008006ab0        0x8 ./Core/Src/system_stm32f0xx.o
                0x0000000008006ab0                APBPrescTable
 .rodata.HAL_RCC_GetSysClockFreq.str1.1
                0x0000000008006ab8       0x22 ./Drivers/STM32F0xx_HAL_Driver/Src/stm32f0xx_hal_rcc.o
 .rodata.Draw_principal.str1.1
                0x0000000008006ada       0x63 ./U8GLIB/Src/Display.o
                                         0x6a (size before relaxing)
 .rodata.Tela_Menu_Raio.str1.1
                0x0000000008006b3d       0x19 ./U8GLIB/Src/Display.o
 .rodata.Tela_Menu_braco.str1.1
                0x0000000008006b56       0x10 ./U8GLIB/Src/Display.o
 .rodata.Tela_Menu_Vel_troca.str1.1
                0x0000000008006b66       0x16 ./U8GLIB/Src/Display.o
 .rodata.Tela_Menu_Modo.str1.1
                0x0000000008006b7c       0x1f ./U8GLIB/Src/Display.o
 .rodata.Menu_cheio
                0x0000000008006b9b        0x5 ./U8GLIB/Src/Display.o
                0x0000000008006b9b                Menu_cheio
 .rodata.Menu_vazio
                0x0000000008006ba0        0x5 ./U8GLIB/Src/Display.o
                0x0000000008006ba0                Menu_vazio
 .rodata.u8g_font_8x13B
                0x0000000008006ba5      0x8fe ./U8GLIB/fntsrc/u8g_font_8x13B.o
                0x0000000008006ba5                u8g_font_8x13B
 .rodata.u8g_dev_ssd1306_128x64_adafruit2_init_seq
                0x00000000080074a3       0x26 ./U8GLIB/u8glib/u8g_dev_ssd1306_128x64.o
 .rodata.u8g_dev_ssd1306_128x64_data_start
                0x00000000080074c9        0x8 ./U8GLIB/u8glib/u8g_dev_ssd1306_128x64.o
 .rodata.u8g_dev_ssd13xx_sleep_off
                0x00000000080074d1        0xb ./U8GLIB/u8glib/u8g_dev_ssd1306_128x64.o
 .rodata.u8g_dev_ssd13xx_sleep_on
                0x00000000080074dc        0x9 ./U8GLIB/u8glib/u8g_dev_ssd1306_128x64.o
 .rodata.u8g_DrawLine.cst1
                0x00000000080074e5        0x1 ./U8GLIB/u8glib/u8g_line.o
 .rodata.CSWTCH.11
                0x00000000080074e6        0x4 ./U8GLIB/u8glib/u8g_pb8v1.o
 .rodata.CSWTCH.12
                0x00000000080074ea        0x4 ./U8GLIB/u8glib/u8g_pb8v1.o
 .rodata._svfprintf_r.str1.1
                0x00000000080074ee       0x11 c:/st/stm32cubeide_1.9.0/stm32cubeide/plugins/com.st.stm32cube.ide.mcu.externaltools.gnu-tools-for-stm32.10.3-2021.10.win32_1.0.0.202111181127/tools/bin/../lib/gcc/arm-none-eabi/10.3.1/../../../../arm-none-eabi/lib/thumb/v6-m/nofp\libc_nano.a(lib_a-nano-svfprintf.o)
 .rodata._printf_i.str1.1
                0x00000000080074ff       0x22 c:/st/stm32cubeide_1.9.0/stm32cubeide/plugins/com.st.stm32cube.ide.mcu.externaltools.gnu-tools-for-stm32.10.3-2021.10.win32_1.0.0.202111181127/tools/bin/../lib/gcc/arm-none-eabi/10.3.1/../../../../arm-none-eabi/lib/thumb/v6-m/nofp\libc_nano.a(lib_a-nano-vfprintf_i.o)
                0x0000000008007524                . = ALIGN (0x4)
 *fill*         0x0000000008007521        0x3 

.rel.dyn        0x0000000008007524        0x0
 .rel.iplt      0x0000000008007524        0x0 c:/st/stm32cubeide_1.9.0/stm32cubeide/plugins/com.st.stm32cube.ide.mcu.externaltools.gnu-tools-for-stm32.10.3-2021.10.win32_1.0.0.202111181127/tools/bin/../lib/gcc/arm-none-eabi/10.3.1/thumb/v6-m/nofp/crtbegin.o

.ARM.extab      0x0000000008007524        0x0
                0x0000000008007524                . = ALIGN (0x4)
 *(.ARM.extab* .gnu.linkonce.armextab.*)
                0x0000000008007524                . = ALIGN (0x4)

.ARM            0x0000000008007524        0x0
                0x0000000008007524                . = ALIGN (0x4)
                0x0000000008007524                __exidx_start = .
 *(.ARM.exidx*)
                0x0000000008007524                __exidx_end = .
                0x0000000008007524                . = ALIGN (0x4)

.preinit_array  0x0000000008007524        0x0
                0x0000000008007524                . = ALIGN (0x4)
                0x0000000008007524                PROVIDE (__preinit_array_start = .)
 *(.preinit_array*)
                0x0000000008007524                PROVIDE (__preinit_array_end = .)
                0x0000000008007524                . = ALIGN (0x4)

.init_array     0x0000000008007524        0x4
                0x0000000008007524                . = ALIGN (0x4)
                0x0000000008007524                PROVIDE (__init_array_start = .)
 *(SORT_BY_NAME(.init_array.*))
 *(.init_array*)
 .init_array    0x0000000008007524        0x4 c:/st/stm32cubeide_1.9.0/stm32cubeide/plugins/com.st.stm32cube.ide.mcu.externaltools.gnu-tools-for-stm32.10.3-2021.10.win32_1.0.0.202111181127/tools/bin/../lib/gcc/arm-none-eabi/10.3.1/thumb/v6-m/nofp/crtbegin.o
                0x0000000008007528                PROVIDE (__init_array_end = .)
                0x0000000008007528                . = ALIGN (0x4)

.fini_array     0x0000000008007528        0x4
                0x0000000008007528                . = ALIGN (0x4)
                [!provide]                        PROVIDE (__fini_array_start = .)
 *(SORT_BY_NAME(.fini_array.*))
 *(.fini_array*)
 .fini_array    0x0000000008007528        0x4 c:/st/stm32cubeide_1.9.0/stm32cubeide/plugins/com.st.stm32cube.ide.mcu.externaltools.gnu-tools-for-stm32.10.3-2021.10.win32_1.0.0.202111181127/tools/bin/../lib/gcc/arm-none-eabi/10.3.1/thumb/v6-m/nofp/crtbegin.o
                [!provide]                        PROVIDE (__fini_array_end = .)
                0x000000000800752c                . = ALIGN (0x4)
                0x000000000800752c                _sidata = LOADADDR (.data)

.data           0x0000000020000000       0xf4 load address 0x000000000800752c
                0x0000000020000000                . = ALIGN (0x4)
                0x0000000020000000                _sdata = .
 *(.data)
 *(.data*)
 .data.FLAG_ATUALIZA_TELA
                0x0000000020000000        0x1 ./Core/Src/main.o
                0x0000000020000000                FLAG_ATUALIZA_TELA
 .data.Selecao_Tela_next
                0x0000000020000001        0x1 ./Core/Src/main.o
                0x0000000020000001                Selecao_Tela_next
 *fill*         0x0000000020000002        0x2 
 .data.i        0x0000000020000004        0x4 ./Core/Src/main.o
                0x0000000020000004                i
 .data.tabela_temp
                0x0000000020000008       0x58 ./Core/Src/main.o
                0x0000000020000008                tabela_temp
 .data.SystemCoreClock
                0x0000000020000060        0x4 ./Core/Src/system_stm32f0xx.o
                0x0000000020000060                SystemCoreClock
 .data.uwTickFreq
                0x0000000020000064        0x1 ./Drivers/STM32F0xx_HAL_Driver/Src/stm32f0xx_hal.o
                0x0000000020000064                uwTickFreq
 *fill*         0x0000000020000065        0x3 
 .data.uwTickPrio
                0x0000000020000068        0x4 ./Drivers/STM32F0xx_HAL_Driver/Src/stm32f0xx_hal.o
                0x0000000020000068                uwTickPrio
 .data.u8g_dev_ssd1306_128x64_i2c
                0x000000002000006c        0xc ./U8GLIB/u8glib/u8g_dev_ssd1306_128x64.o
                0x000000002000006c                u8g_dev_ssd1306_128x64_i2c
 .data.u8g_dev_ssd1306_128x64_i2c_pb
                0x0000000020000078        0xc ./U8GLIB/u8glib/u8g_dev_ssd1306_128x64.o
                0x0000000020000078                u8g_dev_ssd1306_128x64_i2c_pb
 .data.u8g_dev_rot
                0x0000000020000084        0xc ./U8GLIB/u8glib/u8g_rot.o
                0x0000000020000084                u8g_dev_rot
 .data._impure_ptr
                0x0000000020000090        0x4 c:/st/stm32cubeide_1.9.0/stm32cubeide/plugins/com.st.stm32cube.ide.mcu.externaltools.gnu-tools-for-stm32.10.3-2021.10.win32_1.0.0.202111181127/tools/bin/../lib/gcc/arm-none-eabi/10.3.1/../../../../arm-none-eabi/lib/thumb/v6-m/nofp\libc_nano.a(lib_a-impure.o)
                0x0000000020000090                _impure_ptr
 .data.impure_data
                0x0000000020000094       0x60 c:/st/stm32cubeide_1.9.0/stm32cubeide/plugins/com.st.stm32cube.ide.mcu.externaltools.gnu-tools-for-stm32.10.3-2021.10.win32_1.0.0.202111181127/tools/bin/../lib/gcc/arm-none-eabi/10.3.1/../../../../arm-none-eabi/lib/thumb/v6-m/nofp\libc_nano.a(lib_a-impure.o)
 *(.RamFunc)
 *(.RamFunc*)
                0x00000000200000f4                . = ALIGN (0x4)
                0x00000000200000f4                _edata = .

.igot.plt       0x00000000200000f4        0x0 load address 0x0000000008007620
 .igot.plt      0x00000000200000f4        0x0 c:/st/stm32cubeide_1.9.0/stm32cubeide/plugins/com.st.stm32cube.ide.mcu.externaltools.gnu-tools-for-stm32.10.3-2021.10.win32_1.0.0.202111181127/tools/bin/../lib/gcc/arm-none-eabi/10.3.1/thumb/v6-m/nofp/crtbegin.o
                0x00000000200000f4                . = ALIGN (0x4)

.bss            0x00000000200000f8      0x3e0 load address 0x0000000008007620
                0x00000000200000f8                _sbss = .
                0x00000000200000f8                __bss_start__ = _sbss
 *(.bss)
 .bss           0x00000000200000f8       0x1c c:/st/stm32cubeide_1.9.0/stm32cubeide/plugins/com.st.stm32cube.ide.mcu.externaltools.gnu-tools-for-stm32.10.3-2021.10.win32_1.0.0.202111181127/tools/bin/../lib/gcc/arm-none-eabi/10.3.1/thumb/v6-m/nofp/crtbegin.o
 *(.bss*)
 .bss.hadc      0x0000000020000114       0x40 ./Core/Src/adc.o
                0x0000000020000114                hadc
 .bss.hdma_adc  0x0000000020000154       0x44 ./Core/Src/adc.o
                0x0000000020000154                hdma_adc
 .bss.hi2c1     0x0000000020000198       0x4c ./Core/Src/i2c.o
                0x0000000020000198                hi2c1
 .bss.ADC_buff_1
                0x00000000200001e4        0xc ./Core/Src/main.o
                0x00000000200001e4                ADC_buff_1
 .bss.BTN_DIR   0x00000000200001f0        0x8 ./Core/Src/main.o
                0x00000000200001f0                BTN_DIR
 .bss.BTN_ESQ   0x00000000200001f8        0x8 ./Core/Src/main.o
                0x00000000200001f8                BTN_ESQ
 .bss.BTN_MENU  0x0000000020000200        0x8 ./Core/Src/main.o
                0x0000000020000200                BTN_MENU
 .bss.Buff_Display
                0x0000000020000208       0x80 ./Core/Src/main.o
                0x0000000020000208                Buff_Display
 .bss.Carro     0x0000000020000288       0x94 ./Core/Src/main.o
                0x0000000020000288                Carro
 .bss.Cont_1000ms
                0x000000002000031c        0x2 ./Core/Src/main.o
                0x000000002000031c                Cont_1000ms
 .bss.Cont_100ms
                0x000000002000031e        0x1 ./Core/Src/main.o
                0x000000002000031e                Cont_100ms
 *fill*         0x000000002000031f        0x1 
 .bss.Cont_500ms
                0x0000000020000320        0x2 ./Core/Src/main.o
                0x0000000020000320                Cont_500ms
 .bss.Cont_sem_click
                0x0000000020000322        0x2 ./Core/Src/main.o
                0x0000000020000322                Cont_sem_click
 .bss.EraseInitStruct
                0x0000000020000324        0xc ./Core/Src/main.o
 .bss.Erro_display
                0x0000000020000330        0x4 ./Core/Src/main.o
                0x0000000020000330                Erro_display
 .bss.FLAG_REFRESH
                0x0000000020000334        0x1 ./Core/Src/main.o
                0x0000000020000334                FLAG_REFRESH
 .bss.FLAG_TELA_BUSY
                0x0000000020000335        0x1 ./Core/Src/main.o
                0x0000000020000335                FLAG_TELA_BUSY
 *fill*         0x0000000020000336        0x2 
 .bss.PAGEError
                0x0000000020000338        0x4 ./Core/Src/main.o
                0x0000000020000338                PAGEError
 .bss.Selecao_Tela
                0x000000002000033c        0x1 ./Core/Src/main.o
                0x000000002000033c                Selecao_Tela
 *fill*         0x000000002000033d        0x3 
 .bss.u8g       0x0000000020000340       0x3c ./Core/Src/main.o
                0x0000000020000340                u8g
 .bss.__sbrk_heap_end
                0x000000002000037c        0x4 ./Core/Src/sysmem.o
 .bss.htim2     0x0000000020000380       0x48 ./Core/Src/tim.o
                0x0000000020000380                htim2
 .bss.htim3     0x00000000200003c8       0x48 ./Core/Src/tim.o
                0x00000000200003c8                htim3
 .bss.uwTick    0x0000000020000410        0x4 ./Drivers/STM32F0xx_HAL_Driver/Src/stm32f0xx_hal.o
                0x0000000020000410                uwTick
 *fill*         0x0000000020000414        0x4 
 .bss.pFlash    0x0000000020000418       0x20 ./Drivers/STM32F0xx_HAL_Driver/Src/stm32f0xx_hal_flash.o
                0x0000000020000418                pFlash
 .bss.Hect.0    0x0000000020000438        0x4 ./U8GLIB/Src/Display.o
 .bss.control   0x000000002000043c        0x1 ./U8GLIB/Src/u8g_com_arm_stm32.o
                0x000000002000043c                control
 *fill*         0x000000002000043d        0x3 
 .bss.i.1       0x0000000020000440        0x4 ./U8GLIB/Src/u8g_com_arm_stm32.o
 .bss.j.0       0x0000000020000444        0x4 ./U8GLIB/Src/u8g_com_arm_stm32.o
 .bss.u8g_dev_ssd1306_128x64_i2c_buf
                0x0000000020000448       0x80 ./U8GLIB/u8glib/u8g_dev_ssd1306_128x64.o
                0x0000000020000448                u8g_dev_ssd1306_128x64_i2c_buf
 .bss.__malloc_free_list
                0x00000000200004c8        0x4 c:/st/stm32cubeide_1.9.0/stm32cubeide/plugins/com.st.stm32cube.ide.mcu.externaltools.gnu-tools-for-stm32.10.3-2021.10.win32_1.0.0.202111181127/tools/bin/../lib/gcc/arm-none-eabi/10.3.1/../../../../arm-none-eabi/lib/thumb/v6-m/nofp\libc_nano.a(lib_a-nano-mallocr.o)
                0x00000000200004c8                __malloc_free_list
 .bss.__malloc_sbrk_start
                0x00000000200004cc        0x4 c:/st/stm32cubeide_1.9.0/stm32cubeide/plugins/com.st.stm32cube.ide.mcu.externaltools.gnu-tools-for-stm32.10.3-2021.10.win32_1.0.0.202111181127/tools/bin/../lib/gcc/arm-none-eabi/10.3.1/../../../../arm-none-eabi/lib/thumb/v6-m/nofp\libc_nano.a(lib_a-nano-mallocr.o)
                0x00000000200004cc                __malloc_sbrk_start
 .bss.errno     0x00000000200004d0        0x4 c:/st/stm32cubeide_1.9.0/stm32cubeide/plugins/com.st.stm32cube.ide.mcu.externaltools.gnu-tools-for-stm32.10.3-2021.10.win32_1.0.0.202111181127/tools/bin/../lib/gcc/arm-none-eabi/10.3.1/../../../../arm-none-eabi/lib/thumb/v6-m/nofp\libc_nano.a(lib_a-reent.o)
                0x00000000200004d0                errno
 .bss.__lock___malloc_recursive_mutex
                0x00000000200004d4        0x1 c:/st/stm32cubeide_1.9.0/stm32cubeide/plugins/com.st.stm32cube.ide.mcu.externaltools.gnu-tools-for-stm32.10.3-2021.10.win32_1.0.0.202111181127/tools/bin/../lib/gcc/arm-none-eabi/10.3.1/../../../../arm-none-eabi/lib/thumb/v6-m/nofp\libc_nano.a(lib_a-lock.o)
                0x00000000200004d4                __lock___malloc_recursive_mutex
 *(COMMON)
                0x00000000200004d8                . = ALIGN (0x4)
 *fill*         0x00000000200004d5        0x3 
                0x00000000200004d8                _ebss = .
                0x00000000200004d8                __bss_end__ = _ebss

._user_heap_stack
                0x00000000200004d8      0x600 load address 0x0000000008007620
                0x00000000200004d8                . = ALIGN (0x8)
                [!provide]                        PROVIDE (end = .)
                0x00000000200004d8                PROVIDE (_end = .)
                0x00000000200006d8                . = (. + _Min_Heap_Size)
 *fill*         0x00000000200004d8      0x200 
                0x0000000020000ad8                . = (. + _Min_Stack_Size)
 *fill*         0x00000000200006d8      0x400 
                0x0000000020000ad8                . = ALIGN (0x8)

/DISCARD/
 libc.a(*)
 libm.a(*)
 libgcc.a(*)

.ARM.attributes
                0x0000000000000000       0x28
 *(.ARM.attributes)
 .ARM.attributes
                0x0000000000000000       0x1e c:/st/stm32cubeide_1.9.0/stm32cubeide/plugins/com.st.stm32cube.ide.mcu.externaltools.gnu-tools-for-stm32.10.3-2021.10.win32_1.0.0.202111181127/tools/bin/../lib/gcc/arm-none-eabi/10.3.1/thumb/v6-m/nofp/crti.o
 .ARM.attributes
                0x000000000000001e       0x2c c:/st/stm32cubeide_1.9.0/stm32cubeide/plugins/com.st.stm32cube.ide.mcu.externaltools.gnu-tools-for-stm32.10.3-2021.10.win32_1.0.0.202111181127/tools/bin/../lib/gcc/arm-none-eabi/10.3.1/thumb/v6-m/nofp/crtbegin.o
 .ARM.attributes
                0x000000000000004a       0x2c ./Core/Src/adc.o
 .ARM.attributes
                0x0000000000000076       0x2c ./Core/Src/dma.o
 .ARM.attributes
                0x00000000000000a2       0x2c ./Core/Src/gpio.o
 .ARM.attributes
                0x00000000000000ce       0x2c ./Core/Src/i2c.o
 .ARM.attributes
                0x00000000000000fa       0x2c ./Core/Src/main.o
 .ARM.attributes
                0x0000000000000126       0x2c ./Core/Src/stm32f0xx_hal_msp.o
 .ARM.attributes
                0x0000000000000152       0x2c ./Core/Src/stm32f0xx_it.o
 .ARM.attributes
                0x000000000000017e       0x2c ./Core/Src/sysmem.o
 .ARM.attributes
                0x00000000000001aa       0x2c ./Core/Src/system_stm32f0xx.o
 .ARM.attributes
                0x00000000000001d6       0x2c ./Core/Src/tim.o
 .ARM.attributes
                0x0000000000000202       0x21 ./Core/Startup/startup_stm32f031k6tx.o
 .ARM.attributes
                0x0000000000000223       0x2c ./Drivers/STM32F0xx_HAL_Driver/Src/stm32f0xx_hal.o
 .ARM.attributes
                0x000000000000024f       0x2c ./Drivers/STM32F0xx_HAL_Driver/Src/stm32f0xx_hal_adc.o
 .ARM.attributes
                0x000000000000027b       0x2c ./Drivers/STM32F0xx_HAL_Driver/Src/stm32f0xx_hal_cortex.o
 .ARM.attributes
                0x00000000000002a7       0x2c ./Drivers/STM32F0xx_HAL_Driver/Src/stm32f0xx_hal_dma.o
 .ARM.attributes
                0x00000000000002d3       0x2c ./Drivers/STM32F0xx_HAL_Driver/Src/stm32f0xx_hal_flash.o
 .ARM.attributes
                0x00000000000002ff       0x2c ./Drivers/STM32F0xx_HAL_Driver/Src/stm32f0xx_hal_flash_ex.o
 .ARM.attributes
                0x000000000000032b       0x2c ./Drivers/STM32F0xx_HAL_Driver/Src/stm32f0xx_hal_gpio.o
 .ARM.attributes
                0x0000000000000357       0x2c ./Drivers/STM32F0xx_HAL_Driver/Src/stm32f0xx_hal_i2c.o
 .ARM.attributes
                0x0000000000000383       0x2c ./Drivers/STM32F0xx_HAL_Driver/Src/stm32f0xx_hal_i2c_ex.o
 .ARM.attributes
                0x00000000000003af       0x2c ./Drivers/STM32F0xx_HAL_Driver/Src/stm32f0xx_hal_rcc.o
 .ARM.attributes
                0x00000000000003db       0x2c ./Drivers/STM32F0xx_HAL_Driver/Src/stm32f0xx_hal_rcc_ex.o
 .ARM.attributes
                0x0000000000000407       0x2c ./Drivers/STM32F0xx_HAL_Driver/Src/stm32f0xx_hal_tim.o
 .ARM.attributes
                0x0000000000000433       0x2c ./Drivers/STM32F0xx_HAL_Driver/Src/stm32f0xx_hal_tim_ex.o
 .ARM.attributes
                0x000000000000045f       0x2c ./U8GLIB/Src/Display.o
 .ARM.attributes
                0x000000000000048b       0x2c ./U8GLIB/Src/u8g_com_arm_stm32.o
 .ARM.attributes
                0x00000000000004b7       0x2c ./U8GLIB/fntsrc/u8g_font_8x13B.o
 .ARM.attributes
                0x00000000000004e3       0x2c ./U8GLIB/u8glib/u8g_bitmap.o
 .ARM.attributes
                0x000000000000050f       0x2c ./U8GLIB/u8glib/u8g_circle.o
 .ARM.attributes
                0x000000000000053b       0x2c ./U8GLIB/u8glib/u8g_clip.o
 .ARM.attributes
                0x0000000000000567       0x2c ./U8GLIB/u8glib/u8g_com_api.o
 .ARM.attributes
                0x0000000000000593       0x2c ./U8GLIB/u8glib/u8g_com_null.o
 .ARM.attributes
                0x00000000000005bf       0x2c ./U8GLIB/u8glib/u8g_cursor.o
 .ARM.attributes
                0x00000000000005eb       0x2c ./U8GLIB/u8glib/u8g_dev_ssd1306_128x64.o
 .ARM.attributes
                0x0000000000000617       0x2c ./U8GLIB/u8glib/u8g_font.o
 .ARM.attributes
                0x0000000000000643       0x2c ./U8GLIB/u8glib/u8g_line.o
 .ARM.attributes
                0x000000000000066f       0x2c ./U8GLIB/u8glib/u8g_ll_api.o
 .ARM.attributes
                0x000000000000069b       0x2c ./U8GLIB/u8glib/u8g_page.o
 .ARM.attributes
                0x00000000000006c7       0x2c ./U8GLIB/u8glib/u8g_pb.o
 .ARM.attributes
                0x00000000000006f3       0x2c ./U8GLIB/u8glib/u8g_pb8v1.o
 .ARM.attributes
                0x000000000000071f       0x2c ./U8GLIB/u8glib/u8g_rect.o
 .ARM.attributes
                0x000000000000074b       0x2c ./U8GLIB/u8glib/u8g_rot.o
 .ARM.attributes
                0x0000000000000777       0x2c ./U8GLIB/u8glib/u8g_state.o
 .ARM.attributes
                0x00000000000007a3       0x2c c:/st/stm32cubeide_1.9.0/stm32cubeide/plugins/com.st.stm32cube.ide.mcu.externaltools.gnu-tools-for-stm32.10.3-2021.10.win32_1.0.0.202111181127/tools/bin/../lib/gcc/arm-none-eabi/10.3.1/../../../../arm-none-eabi/lib/thumb/v6-m/nofp\libc_nano.a(lib_a-errno.o)
 .ARM.attributes
                0x00000000000007cf       0x2c c:/st/stm32cubeide_1.9.0/stm32cubeide/plugins/com.st.stm32cube.ide.mcu.externaltools.gnu-tools-for-stm32.10.3-2021.10.win32_1.0.0.202111181127/tools/bin/../lib/gcc/arm-none-eabi/10.3.1/../../../../arm-none-eabi/lib/thumb/v6-m/nofp\libc_nano.a(lib_a-impure.o)
 .ARM.attributes
                0x00000000000007fb       0x2c c:/st/stm32cubeide_1.9.0/stm32cubeide/plugins/com.st.stm32cube.ide.mcu.externaltools.gnu-tools-for-stm32.10.3-2021.10.win32_1.0.0.202111181127/tools/bin/../lib/gcc/arm-none-eabi/10.3.1/../../../../arm-none-eabi/lib/thumb/v6-m/nofp\libc_nano.a(lib_a-init.o)
 .ARM.attributes
                0x0000000000000827       0x2c c:/st/stm32cubeide_1.9.0/stm32cubeide/plugins/com.st.stm32cube.ide.mcu.externaltools.gnu-tools-for-stm32.10.3-2021.10.win32_1.0.0.202111181127/tools/bin/../lib/gcc/arm-none-eabi/10.3.1/../../../../arm-none-eabi/lib/thumb/v6-m/nofp\libc_nano.a(lib_a-memcpy-stub.o)
 .ARM.attributes
                0x0000000000000853       0x2c c:/st/stm32cubeide_1.9.0/stm32cubeide/plugins/com.st.stm32cube.ide.mcu.externaltools.gnu-tools-for-stm32.10.3-2021.10.win32_1.0.0.202111181127/tools/bin/../lib/gcc/arm-none-eabi/10.3.1/../../../../arm-none-eabi/lib/thumb/v6-m/nofp\libc_nano.a(lib_a-memset.o)
 .ARM.attributes
                0x000000000000087f       0x2c c:/st/stm32cubeide_1.9.0/stm32cubeide/plugins/com.st.stm32cube.ide.mcu.externaltools.gnu-tools-for-stm32.10.3-2021.10.win32_1.0.0.202111181127/tools/bin/../lib/gcc/arm-none-eabi/10.3.1/../../../../arm-none-eabi/lib/thumb/v6-m/nofp\libc_nano.a(lib_a-sprintf.o)
 .ARM.attributes
                0x00000000000008ab       0x2c c:/st/stm32cubeide_1.9.0/stm32cubeide/plugins/com.st.stm32cube.ide.mcu.externaltools.gnu-tools-for-stm32.10.3-2021.10.win32_1.0.0.202111181127/tools/bin/../lib/gcc/arm-none-eabi/10.3.1/../../../../arm-none-eabi/lib/thumb/v6-m/nofp\libc_nano.a(lib_a-nano-svfprintf.o)
 .ARM.attributes
                0x00000000000008d7       0x2c c:/st/stm32cubeide_1.9.0/stm32cubeide/plugins/com.st.stm32cube.ide.mcu.externaltools.gnu-tools-for-stm32.10.3-2021.10.win32_1.0.0.202111181127/tools/bin/../lib/gcc/arm-none-eabi/10.3.1/../../../../arm-none-eabi/lib/thumb/v6-m/nofp\libc_nano.a(lib_a-nano-vfprintf_i.o)
 .ARM.attributes
                0x0000000000000903       0x2c c:/st/stm32cubeide_1.9.0/stm32cubeide/plugins/com.st.stm32cube.ide.mcu.externaltools.gnu-tools-for-stm32.10.3-2021.10.win32_1.0.0.202111181127/tools/bin/../lib/gcc/arm-none-eabi/10.3.1/../../../../arm-none-eabi/lib/thumb/v6-m/nofp\libc_nano.a(lib_a-memchr-stub.o)
 .ARM.attributes
                0x000000000000092f       0x2c c:/st/stm32cubeide_1.9.0/stm32cubeide/plugins/com.st.stm32cube.ide.mcu.externaltools.gnu-tools-for-stm32.10.3-2021.10.win32_1.0.0.202111181127/tools/bin/../lib/gcc/arm-none-eabi/10.3.1/../../../../arm-none-eabi/lib/thumb/v6-m/nofp\libc_nano.a(lib_a-memmove.o)
 .ARM.attributes
                0x000000000000095b       0x2c c:/st/stm32cubeide_1.9.0/stm32cubeide/plugins/com.st.stm32cube.ide.mcu.externaltools.gnu-tools-for-stm32.10.3-2021.10.win32_1.0.0.202111181127/tools/bin/../lib/gcc/arm-none-eabi/10.3.1/../../../../arm-none-eabi/lib/thumb/v6-m/nofp\libc_nano.a(lib_a-nano-freer.o)
 .ARM.attributes
                0x0000000000000987       0x2c c:/st/stm32cubeide_1.9.0/stm32cubeide/plugins/com.st.stm32cube.ide.mcu.externaltools.gnu-tools-for-stm32.10.3-2021.10.win32_1.0.0.202111181127/tools/bin/../lib/gcc/arm-none-eabi/10.3.1/../../../../arm-none-eabi/lib/thumb/v6-m/nofp\libc_nano.a(lib_a-nano-mallocr.o)
 .ARM.attributes
                0x00000000000009b3       0x2c c:/st/stm32cubeide_1.9.0/stm32cubeide/plugins/com.st.stm32cube.ide.mcu.externaltools.gnu-tools-for-stm32.10.3-2021.10.win32_1.0.0.202111181127/tools/bin/../lib/gcc/arm-none-eabi/10.3.1/../../../../arm-none-eabi/lib/thumb/v6-m/nofp\libc_nano.a(lib_a-nano-reallocr.o)
 .ARM.attributes
                0x00000000000009df       0x2c c:/st/stm32cubeide_1.9.0/stm32cubeide/plugins/com.st.stm32cube.ide.mcu.externaltools.gnu-tools-for-stm32.10.3-2021.10.win32_1.0.0.202111181127/tools/bin/../lib/gcc/arm-none-eabi/10.3.1/../../../../arm-none-eabi/lib/thumb/v6-m/nofp\libc_nano.a(lib_a-sbrkr.o)
 .ARM.attributes
                0x0000000000000a0b       0x2c c:/st/stm32cubeide_1.9.0/stm32cubeide/plugins/com.st.stm32cube.ide.mcu.externaltools.gnu-tools-for-stm32.10.3-2021.10.win32_1.0.0.202111181127/tools/bin/../lib/gcc/arm-none-eabi/10.3.1/../../../../arm-none-eabi/lib/thumb/v6-m/nofp\libc_nano.a(lib_a-mlock.o)
 .ARM.attributes
                0x0000000000000a37       0x2c c:/st/stm32cubeide_1.9.0/stm32cubeide/plugins/com.st.stm32cube.ide.mcu.externaltools.gnu-tools-for-stm32.10.3-2021.10.win32_1.0.0.202111181127/tools/bin/../lib/gcc/arm-none-eabi/10.3.1/../../../../arm-none-eabi/lib/thumb/v6-m/nofp\libc_nano.a(lib_a-nano-msizer.o)
 .ARM.attributes
                0x0000000000000a63       0x2c c:/st/stm32cubeide_1.9.0/stm32cubeide/plugins/com.st.stm32cube.ide.mcu.externaltools.gnu-tools-for-stm32.10.3-2021.10.win32_1.0.0.202111181127/tools/bin/../lib/gcc/arm-none-eabi/10.3.1/../../../../arm-none-eabi/lib/thumb/v6-m/nofp\libc_nano.a(lib_a-reent.o)
 .ARM.attributes
                0x0000000000000a8f       0x2c c:/st/stm32cubeide_1.9.0/stm32cubeide/plugins/com.st.stm32cube.ide.mcu.externaltools.gnu-tools-for-stm32.10.3-2021.10.win32_1.0.0.202111181127/tools/bin/../lib/gcc/arm-none-eabi/10.3.1/../../../../arm-none-eabi/lib/thumb/v6-m/nofp\libc_nano.a(lib_a-lock.o)
 .ARM.attributes
                0x0000000000000abb       0x1e c:/st/stm32cubeide_1.9.0/stm32cubeide/plugins/com.st.stm32cube.ide.mcu.externaltools.gnu-tools-for-stm32.10.3-2021.10.win32_1.0.0.202111181127/tools/bin/../lib/gcc/arm-none-eabi/10.3.1/thumb/v6-m/nofp\libgcc.a(_thumb1_case_uqi.o)
 .ARM.attributes
                0x0000000000000ad9       0x1e c:/st/stm32cubeide_1.9.0/stm32cubeide/plugins/com.st.stm32cube.ide.mcu.externaltools.gnu-tools-for-stm32.10.3-2021.10.win32_1.0.0.202111181127/tools/bin/../lib/gcc/arm-none-eabi/10.3.1/thumb/v6-m/nofp\libgcc.a(_thumb1_case_shi.o)
 .ARM.attributes
                0x0000000000000af7       0x1e c:/st/stm32cubeide_1.9.0/stm32cubeide/plugins/com.st.stm32cube.ide.mcu.externaltools.gnu-tools-for-stm32.10.3-2021.10.win32_1.0.0.202111181127/tools/bin/../lib/gcc/arm-none-eabi/10.3.1/thumb/v6-m/nofp\libgcc.a(_udivsi3.o)
 .ARM.attributes
                0x0000000000000b15       0x1e c:/st/stm32cubeide_1.9.0/stm32cubeide/plugins/com.st.stm32cube.ide.mcu.externaltools.gnu-tools-for-stm32.10.3-2021.10.win32_1.0.0.202111181127/tools/bin/../lib/gcc/arm-none-eabi/10.3.1/thumb/v6-m/nofp\libgcc.a(_divsi3.o)
 .ARM.attributes
                0x0000000000000b33       0x1e c:/st/stm32cubeide_1.9.0/stm32cubeide/plugins/com.st.stm32cube.ide.mcu.externaltools.gnu-tools-for-stm32.10.3-2021.10.win32_1.0.0.202111181127/tools/bin/../lib/gcc/arm-none-eabi/10.3.1/thumb/v6-m/nofp\libgcc.a(_dvmd_tls.o)
 .ARM.attributes
                0x0000000000000b51       0x1e c:/st/stm32cubeide_1.9.0/stm32cubeide/plugins/com.st.stm32cube.ide.mcu.externaltools.gnu-tools-for-stm32.10.3-2021.10.win32_1.0.0.202111181127/tools/bin/../lib/gcc/arm-none-eabi/10.3.1/thumb/v6-m/nofp\libgcc.a(_lshrdi3.o)
 .ARM.attributes
                0x0000000000000b6f       0x1e c:/st/stm32cubeide_1.9.0/stm32cubeide/plugins/com.st.stm32cube.ide.mcu.externaltools.gnu-tools-for-stm32.10.3-2021.10.win32_1.0.0.202111181127/tools/bin/../lib/gcc/arm-none-eabi/10.3.1/thumb/v6-m/nofp\libgcc.a(_arm_cmpsf2.o)
 .ARM.attributes
                0x0000000000000b8d       0x2c c:/st/stm32cubeide_1.9.0/stm32cubeide/plugins/com.st.stm32cube.ide.mcu.externaltools.gnu-tools-for-stm32.10.3-2021.10.win32_1.0.0.202111181127/tools/bin/../lib/gcc/arm-none-eabi/10.3.1/thumb/v6-m/nofp\libgcc.a(_fixunssfsi.o)
 .ARM.attributes
                0x0000000000000bb9       0x2c c:/st/stm32cubeide_1.9.0/stm32cubeide/plugins/com.st.stm32cube.ide.mcu.externaltools.gnu-tools-for-stm32.10.3-2021.10.win32_1.0.0.202111181127/tools/bin/../lib/gcc/arm-none-eabi/10.3.1/thumb/v6-m/nofp\libgcc.a(addsf3.o)
 .ARM.attributes
                0x0000000000000be5       0x2c c:/st/stm32cubeide_1.9.0/stm32cubeide/plugins/com.st.stm32cube.ide.mcu.externaltools.gnu-tools-for-stm32.10.3-2021.10.win32_1.0.0.202111181127/tools/bin/../lib/gcc/arm-none-eabi/10.3.1/thumb/v6-m/nofp\libgcc.a(divsf3.o)
 .ARM.attributes
                0x0000000000000c11       0x2c c:/st/stm32cubeide_1.9.0/stm32cubeide/plugins/com.st.stm32cube.ide.mcu.externaltools.gnu-tools-for-stm32.10.3-2021.10.win32_1.0.0.202111181127/tools/bin/../lib/gcc/arm-none-eabi/10.3.1/thumb/v6-m/nofp\libgcc.a(eqsf2.o)
 .ARM.attributes
                0x0000000000000c3d       0x2c c:/st/stm32cubeide_1.9.0/stm32cubeide/plugins/com.st.stm32cube.ide.mcu.externaltools.gnu-tools-for-stm32.10.3-2021.10.win32_1.0.0.202111181127/tools/bin/../lib/gcc/arm-none-eabi/10.3.1/thumb/v6-m/nofp\libgcc.a(gesf2.o)
 .ARM.attributes
                0x0000000000000c69       0x2c c:/st/stm32cubeide_1.9.0/stm32cubeide/plugins/com.st.stm32cube.ide.mcu.externaltools.gnu-tools-for-stm32.10.3-2021.10.win32_1.0.0.202111181127/tools/bin/../lib/gcc/arm-none-eabi/10.3.1/thumb/v6-m/nofp\libgcc.a(lesf2.o)
 .ARM.attributes
                0x0000000000000c95       0x2c c:/st/stm32cubeide_1.9.0/stm32cubeide/plugins/com.st.stm32cube.ide.mcu.externaltools.gnu-tools-for-stm32.10.3-2021.10.win32_1.0.0.202111181127/tools/bin/../lib/gcc/arm-none-eabi/10.3.1/thumb/v6-m/nofp\libgcc.a(mulsf3.o)
 .ARM.attributes