../Core/Src/main.c:245:6:SystemClock_Config	96	static,ignoring_inline_asm
../Core/Src/main.c:420:6:Callback_100ms	0	static
../Core/Src/main.c:426:6:Callback_500ms	0	static
../Core/Src/main.c:432:6:Callback_1000ms	16	static
../Core/Src/main.c:545:6:Callback_CURTO_PB_ESQ	8	static,ignoring_inline_asm
../Core/Src/main.c:620:6:Callback_LONGO_PB_ESQ	0	static,ignoring_inline_asm
../Core/Src/main.c:627:6:Callback_CURTO_PB_DIR	8	static,ignoring_inline_asm
../Core/Src/main.c:700:6:Callback_LONGO_PB_DIR	0	static,ignoring_inline_asm
../Core/Src/main.c:737:6:Callback_LONGO_PB_MENU	0	static,ignoring_inline_asm
../Core/Src/main.c:744:6:HAL_TIM_IC_CaptureCallback	16	static
../Core/Src/main.c:796:6:Controle_De_Telas	24	static
../Core/Src/main.c:931:6:Write_in_flash_HIBRIDO	8	static
../Core/Src/main.c:853:6:Grava_memoria	8	static
../Core/Src/main.c:707:6:Callback_CURTO_PB_MENU	8	static,ignoring_inline_asm
../Core/Src/main.c:482:6:HAL_GPIO_EXTI_Callback	16	static
../Core/Src/main.c:289:6:HAL_TIM_PeriodElapsedCallback	8	static
../Core/Src/main.c:901:6:Atualiza_Variaveis	32	static
../Core/Src/main.c:146:5:main	24	static,ignoring_inline_asm
../Core/Src/main.c:952:6:Error_Handler	0	static,ignoring_inline_asm
