../Core/Src/stm32f0xx_it.c:72:6:NMI_Handler	0	static
../Core/Src/stm32f0xx_it.c:87:6:HardFault_Handler	0	static
../Core/Src/stm32f0xx_it.c:102:6:SVC_Handler	0	static
../Core/Src/stm32f0xx_it.c:115:6:PendSV_Handler	0	static
../Core/Src/stm32f0xx_it.c:128:6:SysTick_Handler	8	static
../Core/Src/stm32f0xx_it.c:149:6:EXTI4_15_IRQHandler	8	static
../Core/Src/stm32f0xx_it.c:165:6:DMA1_Channel1_IRQHandler	8	static
../Core/Src/stm32f0xx_it.c:179:6:ADC1_IRQHandler	8	static
../Core/Src/stm32f0xx_it.c:193:6:TIM2_IRQHandler	8	static
../Core/Src/stm32f0xx_it.c:207:6:TIM3_IRQHandler	8	static
